Archive member included to satisfy reference by file (symbol)

C:/ST/STM32CubeIDE_1.18.0/STM32CubeIDE/plugins/com.st.stm32cube.ide.mcu.externaltools.gnu-tools-for-stm32.13.3.rel1.win32_1.0.0.202411081344/tools/bin/../lib/gcc/arm-none-eabi/13.3.1/../../../../arm-none-eabi/lib/thumb/v7-m/nofp\libc_nano.a(libc_a-exit.o)
                              C:/ST/STM32CubeIDE_1.18.0/STM32CubeIDE/plugins/com.st.stm32cube.ide.mcu.externaltools.gnu-tools-for-stm32.13.3.rel1.win32_1.0.0.202411081344/tools/bin/../lib/gcc/arm-none-eabi/13.3.1/../../../../arm-none-eabi/lib/thumb/v7-m/nofp/crt0.o (exit)
C:/ST/STM32CubeIDE_1.18.0/STM32CubeIDE/plugins/com.st.stm32cube.ide.mcu.externaltools.gnu-tools-for-stm32.13.3.rel1.win32_1.0.0.202411081344/tools/bin/../lib/gcc/arm-none-eabi/13.3.1/../../../../arm-none-eabi/lib/thumb/v7-m/nofp\libc_nano.a(libc_a-findfp.o)
                              C:/ST/STM32CubeIDE_1.18.0/STM32CubeIDE/plugins/com.st.stm32cube.ide.mcu.externaltools.gnu-tools-for-stm32.13.3.rel1.win32_1.0.0.202411081344/tools/bin/../lib/gcc/arm-none-eabi/13.3.1/../../../../arm-none-eabi/lib/thumb/v7-m/nofp\libc_nano.a(libc_a-exit.o) (__stdio_exit_handler)
C:/ST/STM32CubeIDE_1.18.0/STM32CubeIDE/plugins/com.st.stm32cube.ide.mcu.externaltools.gnu-tools-for-stm32.13.3.rel1.win32_1.0.0.202411081344/tools/bin/../lib/gcc/arm-none-eabi/13.3.1/../../../../arm-none-eabi/lib/thumb/v7-m/nofp\libc_nano.a(libc_a-fwalk.o)
                              C:/ST/STM32CubeIDE_1.18.0/STM32CubeIDE/plugins/com.st.stm32cube.ide.mcu.externaltools.gnu-tools-for-stm32.13.3.rel1.win32_1.0.0.202411081344/tools/bin/../lib/gcc/arm-none-eabi/13.3.1/../../../../arm-none-eabi/lib/thumb/v7-m/nofp\libc_nano.a(libc_a-findfp.o) (_fwalk_sglue)
C:/ST/STM32CubeIDE_1.18.0/STM32CubeIDE/plugins/com.st.stm32cube.ide.mcu.externaltools.gnu-tools-for-stm32.13.3.rel1.win32_1.0.0.202411081344/tools/bin/../lib/gcc/arm-none-eabi/13.3.1/../../../../arm-none-eabi/lib/thumb/v7-m/nofp\libc_nano.a(libc_a-snprintf.o)
                              ./Core/Src/main.o (snprintf)
C:/ST/STM32CubeIDE_1.18.0/STM32CubeIDE/plugins/com.st.stm32cube.ide.mcu.externaltools.gnu-tools-for-stm32.13.3.rel1.win32_1.0.0.202411081344/tools/bin/../lib/gcc/arm-none-eabi/13.3.1/../../../../arm-none-eabi/lib/thumb/v7-m/nofp\libc_nano.a(libc_a-stdio.o)
                              C:/ST/STM32CubeIDE_1.18.0/STM32CubeIDE/plugins/com.st.stm32cube.ide.mcu.externaltools.gnu-tools-for-stm32.13.3.rel1.win32_1.0.0.202411081344/tools/bin/../lib/gcc/arm-none-eabi/13.3.1/../../../../arm-none-eabi/lib/thumb/v7-m/nofp\libc_nano.a(libc_a-findfp.o) (__sread)
C:/ST/STM32CubeIDE_1.18.0/STM32CubeIDE/plugins/com.st.stm32cube.ide.mcu.externaltools.gnu-tools-for-stm32.13.3.rel1.win32_1.0.0.202411081344/tools/bin/../lib/gcc/arm-none-eabi/13.3.1/../../../../arm-none-eabi/lib/thumb/v7-m/nofp\libc_nano.a(libc_a-memset.o)
                              C:/ST/STM32CubeIDE_1.18.0/STM32CubeIDE/plugins/com.st.stm32cube.ide.mcu.externaltools.gnu-tools-for-stm32.13.3.rel1.win32_1.0.0.202411081344/tools/bin/../lib/gcc/arm-none-eabi/13.3.1/../../../../arm-none-eabi/lib/thumb/v7-m/nofp/crt0.o (memset)
C:/ST/STM32CubeIDE_1.18.0/STM32CubeIDE/plugins/com.st.stm32cube.ide.mcu.externaltools.gnu-tools-for-stm32.13.3.rel1.win32_1.0.0.202411081344/tools/bin/../lib/gcc/arm-none-eabi/13.3.1/../../../../arm-none-eabi/lib/thumb/v7-m/nofp\libc_nano.a(libc_a-closer.o)
                              C:/ST/STM32CubeIDE_1.18.0/STM32CubeIDE/plugins/com.st.stm32cube.ide.mcu.externaltools.gnu-tools-for-stm32.13.3.rel1.win32_1.0.0.202411081344/tools/bin/../lib/gcc/arm-none-eabi/13.3.1/../../../../arm-none-eabi/lib/thumb/v7-m/nofp\libc_nano.a(libc_a-stdio.o) (_close_r)
C:/ST/STM32CubeIDE_1.18.0/STM32CubeIDE/plugins/com.st.stm32cube.ide.mcu.externaltools.gnu-tools-for-stm32.13.3.rel1.win32_1.0.0.202411081344/tools/bin/../lib/gcc/arm-none-eabi/13.3.1/../../../../arm-none-eabi/lib/thumb/v7-m/nofp\libc_nano.a(libc_a-reent.o)
                              C:/ST/STM32CubeIDE_1.18.0/STM32CubeIDE/plugins/com.st.stm32cube.ide.mcu.externaltools.gnu-tools-for-stm32.13.3.rel1.win32_1.0.0.202411081344/tools/bin/../lib/gcc/arm-none-eabi/13.3.1/../../../../arm-none-eabi/lib/thumb/v7-m/nofp\libc_nano.a(libc_a-closer.o) (errno)
C:/ST/STM32CubeIDE_1.18.0/STM32CubeIDE/plugins/com.st.stm32cube.ide.mcu.externaltools.gnu-tools-for-stm32.13.3.rel1.win32_1.0.0.202411081344/tools/bin/../lib/gcc/arm-none-eabi/13.3.1/../../../../arm-none-eabi/lib/thumb/v7-m/nofp\libc_nano.a(libc_a-impure.o)
                              C:/ST/STM32CubeIDE_1.18.0/STM32CubeIDE/plugins/com.st.stm32cube.ide.mcu.externaltools.gnu-tools-for-stm32.13.3.rel1.win32_1.0.0.202411081344/tools/bin/../lib/gcc/arm-none-eabi/13.3.1/../../../../arm-none-eabi/lib/thumb/v7-m/nofp\libc_nano.a(libc_a-snprintf.o) (_impure_ptr)
[...]
Memory Configuration

Name             Origin             Length             Attributes
RAM              0x20000000         0x0000c000         xrw
FLASH            0x08000000         0x00040000         xr
*default*        0x00000000         0xffffffff

Linker script and memory map

LOAD C:/ST/STM32CubeIDE_1.18.0/STM32CubeIDE/plugins/com.st.stm32cube.ide.mcu.externaltools.gnu-tools-for-stm32.13.3.rel1.win32_1.0.0.202411081344/tools/bin/../lib/gcc/arm-none-eabi/13.3.1/thumb/v7-m/nofp/crti.o
LOAD C:/ST/STM32CubeIDE_1.18.0/STM32CubeIDE/plugins/com.st.stm32cube.ide.mcu.externaltools.gnu-tools-for-stm32.13.3.rel1.win32_1.0.0.202411081344/tools/bin/../lib/gcc/arm-none-eabi/13.3.1/thumb/v7-m/nofp/crtbegin.o
LOAD C:/ST/STM32CubeIDE_1.18.0/STM32CubeIDE/plugins/com.st.stm32cube.ide.mcu.externaltools.gnu-tools-for-stm32.13.3.rel1.win32_1.0.0.202411081344/tools/bin/../lib/gcc/arm-none-eabi/13.3.1/../../../../arm-none-eabi/lib/thumb/v7-m/nofp/crt0.o
LOAD ./BSP/UART/uart.o
LOAD ./Core/Src/main.o
LOAD ./Core/Src/stm32f1xx_it.o
LOAD ./Core/Src/syscalls.o
LOAD ./Core/Src/sysmem.o
LOAD ./Core/Src/system_stm32f1xx.o
LOAD ./Core/Startup/startup_stm32f103rctx.o
LOAD ./Dev/FLASH/gd25q16e.o
LOAD ./Dev/SONG/song.o
LOAD ./Dev/TTP229/ttp229.o
LOAD ./Drivers/STM32F1xx_HAL_Driver/Src/stm32f1xx_ll_dma.o
LOAD ./Drivers/STM32F1xx_HAL_Driver/Src/stm32f1xx_ll_exti.o
LOAD ./Drivers/STM32F1xx_HAL_Driver/Src/stm32f1xx_ll_gpio.o
LOAD ./Drivers/STM32F1xx_HAL_Driver/Src/stm32f1xx_ll_pwr.o
LOAD ./Drivers/STM32F1xx_HAL_Driver/Src/stm32f1xx_ll_rcc.o
LOAD ./Drivers/STM32F1xx_HAL_Driver/Src/stm32f1xx_ll_spi.o
LOAD ./Drivers/STM32F1xx_HAL_Driver/Src/stm32f1xx_ll_tim.o
LOAD ./Drivers/STM32F1xx_HAL_Driver/Src/stm32f1xx_ll_usart.o
LOAD ./Drivers/STM32F1xx_HAL_Driver/Src/stm32f1xx_ll_utils.o
START GROUP
LOAD C:/ST/STM32CubeIDE_1.18.0/STM32CubeIDE/plugins/com.st.stm32cube.ide.mcu.externaltools.gnu-tools-for-stm32.13.3.rel1.win32_1.0.0.202411081344/tools/bin/../lib/gcc/arm-none-eabi/13.3.1/../../../../arm-none-eabi/lib/thumb/v7-m/nofp\libc_nano.a
LOAD C:/ST/STM32CubeIDE_1.18.0/STM32CubeIDE/plugins/com.st.stm32cube.ide.mcu.externaltools.gnu-tools-for-stm32.13.3.rel1.win32_1.0.0.202411081344/tools/bin/../lib/gcc/arm-none-eabi/13.3.1/../../../../arm-none-eabi/lib/thumb/v7-m/nofp\libm.a
END GROUP
START GROUP
LOAD C:/ST/STM32CubeIDE_1.18.0/STM32CubeIDE/plugins/com.st.stm32cube.ide.mcu.externaltools.gnu-tools-for-stm32.13.3.rel1.win32_1.0.0.202411081344/tools/bin/../lib/gcc/arm-none-eabi/13.3.1/thumb/v7-m/nofp\libgcc.a
LOAD C:/ST/STM32CubeIDE_1.18.0/STM32CubeIDE/plugins/com.st.stm32cube.ide.mcu.externaltools.gnu-tools-for-stm32.13.3.rel1.win32_1.0.0.202411081344/tools/bin/../lib/gcc/arm-none-eabi/13.3.1/../../../../arm-none-eabi/lib/thumb/v7-m/nofp\libc_nano.a
END GROUP
START GROUP
LOAD C:/ST/STM32CubeIDE_1.18.0/STM32CubeIDE/plugins/com.st.stm32cube.ide.mcu.externaltools.gnu-tools-for-stm32.13.3.rel1.win32_1.0.0.202411081344/tools/bin/../lib/gcc/arm-none-eabi/13.3.1/thumb/v7-m/nofp\libgcc.a
LOAD C:/ST/STM32CubeIDE_1.18.0/STM32CubeIDE/plugins/com.st.stm32cube.ide.mcu.externaltools.gnu-tools-for-stm32.13.3.rel1.win32_1.0.0.202411081344/tools/bin/../lib/gcc/arm-none-eabi/13.3.1/../../../../arm-none-eabi/lib/thumb/v7-m/nofp\libc_nano.a
LOAD C:/ST/STM32CubeIDE_1.18.0/STM32CubeIDE/plugins/com.st.stm32cube.ide.mcu.externaltools.gnu-tools-for-stm32.13.3.rel1.win32_1.0.0.202411081344/tools/bin/../lib/gcc/arm-none-eabi/13.3.1/../../../../arm-none-eabi/lib/thumb/v7-m/nofp\libnosys.a
END GROUP
START GROUP
LOAD C:/ST/STM32CubeIDE_1.18.0/STM32CubeIDE/plugins/com.st.stm32cube.ide.mcu.externaltools.gnu-tools-for-stm32.13.3.rel1.win32_1.0.0.202411081344/tools/bin/../lib/gcc/arm-none-eabi/13.3.1/thumb/v7-m/nofp\libgcc.a
LOAD C:/ST/STM32CubeIDE_1.18.0/STM32CubeIDE/plugins/com.st.stm32cube.ide.mcu.externaltools.gnu-tools-for-stm32.13.3.rel1.win32_1.0.0.202411081344/tools/bin/../lib/gcc/arm-none-eabi/13.3.1/../../../../arm-none-eabi/lib/thumb/v7-m/nofp\libc_nano.a
LOAD C:/ST/STM32CubeIDE_1.18.0/STM32CubeIDE/plugins/com.st.stm32cube.ide.mcu.externaltools.gnu-tools-for-stm32.13.3.rel1.win32_1.0.0.202411081344/tools/bin/../lib/gcc/arm-none-eabi/13.3.1/../../../../arm-none-eabi/lib/thumb/v7-m/nofp\libnosys.a
END GROUP
LOAD C:/ST/STM32CubeIDE_1.18.0/STM32CubeIDE/plugins/com.st.stm32cube.ide.mcu.externaltools.gnu-tools-for-stm32.13.3.rel1.win32_1.0.0.202411081344/tools/bin/../lib/gcc/arm-none-eabi/13.3.1/thumb/v7-m/nofp/crtend.o
LOAD C:/ST/STM32CubeIDE_1.18.0/STM32CubeIDE/plugins/com.st.stm32cube.ide.mcu.externaltools.gnu-tools-for-stm32.13.3.rel1.win32_1.0.0.202411081344/tools/bin/../lib/gcc/arm-none-eabi/13.3.1/thumb/v7-m/nofp/crtn.o
                0x2000c000                        _estack = (ORIGIN (RAM) + LENGTH (RAM))
                0x00000200                        _Min_Heap_Size = 0x200
                0x00000400                        _Min_Stack_Size = 0x400

.isr_vector     0x08000000      0x1e4
                0x08000000                        . = ALIGN (0x4)
 *(.isr_vector)
 .isr_vector    0x08000000      0x1e4 ./Core/Startup/startup_stm32f103rctx.o
                0x08000000                g_pfnVectors
                0x080001e4                        . = ALIGN (0x4)

.text           0x080001e4     0x2974
                0x080001e4                        . = ALIGN (0x4)
 *(.text)
 .text          0x080001e4       0x40 C:/ST/STM32CubeIDE_1.18.0/STM32CubeIDE/plugins/com.st.stm32cube.ide.mcu.externaltools.gnu-tools-for-stm32.13.3.rel1.win32_1.0.0.202411081344/tools/bin/../lib/gcc/arm-none-eabi/13.3.1/thumb/v7-m/nofp/crtbegin.o
 .text          0x08000224       0x10 C:/ST/STM32CubeIDE_1.18.0/STM32CubeIDE/plugins/com.st.stm32cube.ide.mcu.externaltools.gnu-tools-for-stm32.13.3.rel1.win32_1.0.0.202411081344/tools/bin/../lib/gcc/arm-none-eabi/13.3.1/../../../../arm-none-eabi/lib/thumb/v7-m/nofp\libc_nano.a(libc_a-strlen.o)
                0x08000224                strlen
 *(.text*)
 .text.__NVIC_SetPriorityGrouping
                0x08000234       0x48 ./Core/Src/main.o
 .text.__NVIC_GetPriorityGrouping
                0x0800027c       0x1c ./Core/Src/main.o
 .text.__NVIC_EnableIRQ
                0x08000298       0x38 ./Core/Src/main.o
 .text.__NVIC_SetPriority
                0x080002d0       0x54 ./Core/Src/main.o
 .text.NVIC_EncodePriority
                0x08000324       0x64 ./Core/Src/main.o
 .text.LL_RCC_HSI_Enable
                0x08000388       0x1c ./Core/Src/main.o
 .text.LL_RCC_HSI_IsReady
                0x080003a4       0x24 ./Core/Src/main.o
 .text.LL_RCC_HSI_SetCalibTrimming
                0x080003c8       0x28 ./Core/Src/main.o
 .text.LL_RCC_SetSysClkSource
                0x080003f0       0x28 ./Core/Src/main.o
 .text.LL_RCC_GetSysClkSource
                0x08000418       0x18 ./Core/Src/main.o
 .text.LL_RCC_SetAHBPrescaler
                0x08000430       0x28 ./Core/Src/main.o
 .text.LL_RCC_SetAPB1Prescaler
                0x08000458       0x28 ./Core/Src/main.o
 .text.LL_RCC_SetAPB2Prescaler
                0x08000480       0x28 ./Core/Src/main.o
 .text.LL_RCC_PLL_Enable
                0x080004a8       0x1c ./Core/Src/main.o
 .text.LL_RCC_PLL_IsReady
                0x080004c4       0x24 ./Core/Src/main.o
 .text.LL_RCC_PLL_ConfigDomain_SYS
                0x080004e8       0x30 ./Core/Src/main.o
 .text.LL_APB1_GRP1_EnableClock
                0x08000518       0x30 ./Core/Src/main.o
 .text.LL_APB2_GRP1_EnableClock
                0x08000548       0x30 ./Core/Src/main.o
 .text.LL_FLASH_SetLatency
                0x08000578       0x28 ./Core/Src/main.o
 .text.LL_FLASH_GetLatency
                0x080005a0       0x18 ./Core/Src/main.o
 .text.LL_SPI_Enable
                0x080005b8       0x1e ./Core/Src/main.o
 .text.LL_TIM_EnableCounter
                0x080005d6       0x1e ./Core/Src/main.o
 .text.LL_TIM_EnableARRPreload
                0x080005f4       0x1e ./Core/Src/main.o
 .text.LL_TIM_DisableARRPreload
                0x08000612       0x1e ./Core/Src/main.o
 .text.LL_TIM_SetClockSource
                0x08000630       0x28 ./Core/Src/main.o
 .text.LL_TIM_SetTriggerOutput
                0x08000658       0x24 ./Core/Src/main.o
 .text.LL_TIM_DisableMasterSlaveMode
                0x0800067c       0x1e ./Core/Src/main.o
 .text.LL_TIM_ClearFlag_UPDATE
                0x0800069a       0x1a ./Core/Src/main.o
 .text.LL_TIM_IsActiveFlag_UPDATE
                0x080006b4       0x24 ./Core/Src/main.o
 .text.LL_TIM_EnableIT_UPDATE
                0x080006d8       0x1e ./Core/Src/main.o
 .text.LL_USART_Enable
                0x080006f6       0x1e ./Core/Src/main.o
 .text.LL_USART_ConfigAsyncMode
                0x08000714       0x2a ./Core/Src/main.o
 .text.LL_USART_IsActiveFlag_TXE
                0x0800073e       0x24 ./Core/Src/main.o
 .text.LL_USART_TransmitData8
                0x08000762       0x1c ./Core/Src/main.o
 .text.LL_GPIO_IsInputPinSet
                0x0800077e       0x2c ./Core/Src/main.o
 .text.LL_GPIO_SetOutputPin
                0x080007aa       0x1e ./Core/Src/main.o
 .text.LL_GPIO_ResetOutputPin
                0x080007c8       0x1e ./Core/Src/main.o
 .text.LL_GPIO_TogglePin
                0x080007e6       0x38 ./Core/Src/main.o
 *fill*         0x0800081e        0x2 
 .text.LL_GPIO_AF_Remap_SWJ_NOJTAG
                0x08000820       0x20 ./Core/Src/main.o
 .text.UART_Transmit_Flash
                0x08000840       0x8c ./Core/Src/main.o
                0x08000840                UART_Transmit_Flash
 .text.EraseAllFlash
                0x080008cc       0x48 ./Core/Src/main.o
                0x080008cc                EraseAllFlash
 .text.Timer2_10ms_handle
                0x08000914      0x448 ./Core/Src/main.o
                0x08000914                Timer2_10ms_handle
 .text.main     0x08000d5c       0x60 ./Core/Src/main.o
                0x08000d5c                main
 .text.SystemClock_Config
                0x08000dbc       0x80 ./Core/Src/main.o
                0x08000dbc                SystemClock_Config
 .text.MX_SPI1_Init
                0x08000e3c       0xb0 ./Core/Src/main.o
 .text.MX_TIM2_Init
                0x08000eec       0x94 ./Core/Src/main.o
 .text.MX_TIM4_Init
                0x08000f80       0x60 ./Core/Src/main.o
 .text.MX_USART1_UART_Init
                0x08000fe0       0xb0 ./Core/Src/main.o
 .text.MX_GPIO_Init
                0x08001090       0xf4 ./Core/Src/main.o
 .text.NMI_Handler
                0x08001184        0x8 ./Core/Src/stm32f1xx_it.o
                0x08001184                NMI_Handler
 .text.HardFault_Handler
                0x0800118c        0x8 ./Core/Src/stm32f1xx_it.o
                0x0800118c                HardFault_Handler
 .text.MemManage_Handler
                0x08001194        0x8 ./Core/Src/stm32f1xx_it.o
                0x08001194                MemManage_Handler
 .text.BusFault_Handler
                0x0800119c        0x8 ./Core/Src/stm32f1xx_it.o
                0x0800119c                BusFault_Handler
 .text.UsageFault_Handler
                0x080011a4        0x8 ./Core/Src/stm32f1xx_it.o
                0x080011a4                UsageFault_Handler
 .text.SVC_Handler
                0x080011ac        0xc ./Core/Src/stm32f1xx_it.o
                0x080011ac                SVC_Handler
 .text.DebugMon_Handler
                0x080011b8        0xc ./Core/Src/stm32f1xx_it.o
                0x080011b8                DebugMon_Handler
 .text.PendSV_Handler
                0x080011c4        0xc ./Core/Src/stm32f1xx_it.o
                0x080011c4                PendSV_Handler
 .text.SysTick_Handler
                0x080011d0        0xc ./Core/Src/stm32f1xx_it.o
                0x080011d0                SysTick_Handler
 .text.TIM2_IRQHandler
                0x080011dc        0xc ./Core/Src/stm32f1xx_it.o
                0x080011dc                TIM2_IRQHandler
 .text._sbrk    0x080011e8       0x6c ./Core/Src/sysmem.o
                0x080011e8                _sbrk
 .text.SystemInit
                0x08001254        0xc ./Core/Src/system_stm32f1xx.o
                0x08001254                SystemInit
 .text.Reset_Handler
                0x08001260       0x48 ./Core/Startup/startup_stm32f103rctx.o
                0x08001260                Reset_Handler
 .text.Default_Handler
                0x080012a8        0x2 ./Core/Startup/startup_stm32f103rctx.o
                0x080012a8                RTC_Alarm_IRQHandler
                0x080012a8                EXTI2_IRQHandler
                0x080012a8                TIM8_TRG_COM_IRQHandler
                0x080012a8                TIM8_CC_IRQHandler
                0x080012a8                TIM1_CC_IRQHandler
                0x080012a8                TIM6_IRQHandler
                0x080012a8                PVD_IRQHandler
                0x080012a8                SDIO_IRQHandler
                0x080012a8                EXTI3_IRQHandler
                0x080012a8                EXTI0_IRQHandler
                0x080012a8                I2C2_EV_IRQHandler
                0x080012a8                ADC1_2_IRQHandler
                0x080012a8                SPI1_IRQHandler
                0x080012a8                TAMPER_IRQHandler
                0x080012a8                TIM8_UP_IRQHandler
                0x080012a8                DMA2_Channel2_IRQHandler
                0x080012a8                DMA1_Channel4_IRQHandler
                0x080012a8                USART3_IRQHandler
                0x080012a8                RTC_IRQHandler
                0x080012a8                DMA1_Channel7_IRQHandler
                0x080012a8                CAN1_RX1_IRQHandler
                0x080012a8                UART5_IRQHandler
                0x080012a8                ADC3_IRQHandler
                0x080012a8                TIM4_IRQHandler
                0x080012a8                DMA2_Channel1_IRQHandler
                0x080012a8                I2C1_EV_IRQHandler
                0x080012a8                DMA1_Channel6_IRQHandler
                0x080012a8                UART4_IRQHandler
                0x080012a8                TIM3_IRQHandler
                0x080012a8                RCC_IRQHandler
                0x080012a8                TIM1_TRG_COM_IRQHandler
                0x080012a8                DMA1_Channel1_IRQHandler
                0x080012a8                Default_Handler
                0x080012a8                EXTI15_10_IRQHandler
                0x080012a8                TIM7_IRQHandler
                0x080012a8                TIM5_IRQHandler
                0x080012a8                EXTI9_5_IRQHandler
                0x080012a8                SPI2_IRQHandler
                0x080012a8                DMA1_Channel5_IRQHandler
                0x080012a8                EXTI4_IRQHandler
                0x080012a8                USB_LP_CAN1_RX0_IRQHandler
                0x080012a8                USB_HP_CAN1_TX_IRQHandler
                0x080012a8                DMA1_Channel3_IRQHandler
                0x080012a8                FSMC_IRQHandler
                0x080012a8                TIM1_UP_IRQHandler
                0x080012a8                WWDG_IRQHandler
                0x080012a8                TIM1_BRK_IRQHandler
                0x080012a8                EXTI1_IRQHandler
                0x080012a8                DMA2_Channel4_5_IRQHandler
                0x080012a8                USART2_IRQHandler
                0x080012a8                I2C2_ER_IRQHandler
                0x080012a8                DMA1_Channel2_IRQHandler
                0x080012a8                TIM8_BRK_IRQHandler
                0x080012a8                CAN1_SCE_IRQHandler
                0x080012a8                FLASH_IRQHandler
                0x080012a8                USART1_IRQHandler
                0x080012a8                SPI3_IRQHandler
                0x080012a8                I2C1_ER_IRQHandler
                0x080012a8                USBWakeUp_IRQHandler
                0x080012a8                DMA2_Channel3_IRQHandler
 .text.LL_SPI_IsActiveFlag_RXNE
                0x080012aa       0x24 ./Dev/FLASH/gd25q16e.o
 .text.LL_SPI_IsActiveFlag_TXE
                0x080012ce       0x24 ./Dev/FLASH/gd25q16e.o
 .text.LL_SPI_ReceiveData8
                0x080012f2       0x1a ./Dev/FLASH/gd25q16e.o
 .text.LL_SPI_TransmitData8
                0x0800130c       0x22 ./Dev/FLASH/gd25q16e.o
 .text.LL_GPIO_SetOutputPin
                0x0800132e       0x1e ./Dev/FLASH/gd25q16e.o
 .text.LL_GPIO_ResetOutputPin
                0x0800134c       0x1e ./Dev/FLASH/gd25q16e.o
 .text.CS_LOW   0x0800136a       0x20 ./Dev/FLASH/gd25q16e.o
 .text.CS_HIGH  0x0800138a       0x20 ./Dev/FLASH/gd25q16e.o
 .text.SPI_Send
                0x080013aa       0x50 ./Dev/FLASH/gd25q16e.o
 .text.SPI_Transceive
                0x080013fa       0x52 ./Dev/FLASH/gd25q16e.o
 .text.SPI_ReadBuffer
                0x0800144c       0x34 ./Dev/FLASH/gd25q16e.o
 .text.SPI_WriteBuffer
                0x08001480       0x32 ./Dev/FLASH/gd25q16e.o
 .text.GD25Q16E_WriteEnable
                0x080014b2       0x24 ./Dev/FLASH/gd25q16e.o
 .text.GD25Q16E_ReadStatus
                0x080014d6       0x32 ./Dev/FLASH/gd25q16e.o
 .text.GD25Q16E_WaitBusy
                0x08001508       0x24 ./Dev/FLASH/gd25q16e.o
 .text.GD25Q16E_Init
                0x0800152c       0x16 ./Dev/FLASH/gd25q16e.o
                0x0800152c                GD25Q16E_Init
 .text.GD25Q16E_Read
                0x08001542       0x5c ./Dev/FLASH/gd25q16e.o
                0x08001542                GD25Q16E_Read
 .text.GD25Q16E_Write
                0x0800159e       0xa4 ./Dev/FLASH/gd25q16e.o
                0x0800159e                GD25Q16E_Write
 .text.GD25Q16E_EraseSector
                0x08001642       0x5a ./Dev/FLASH/gd25q16e.o
                0x08001642                GD25Q16E_EraseSector
 .text.song_erase
                0x0800169c       0x5c ./Dev/SONG/song.o
                0x0800169c                song_erase
 .text.song_write
                0x080016f8       0x6c ./Dev/SONG/song.o
                0x080016f8                song_write
 .text.LL_GPIO_IsInputPinSet
                0x08001764       0x2c ./Dev/TTP229/ttp229.o
 .text.TTP229_Read_8Keys
                0x08001790       0xc4 ./Dev/TTP229/ttp229.o
                0x08001790                TTP229_Read_8Keys
 .text.LL_GPIO_SetPinMode
                0x08001854       0x64 ./Drivers/STM32F1xx_HAL_Driver/Src/stm32f1xx_ll_gpio.o
 .text.LL_GPIO_SetPinSpeed
                0x080018b8       0x64 ./Drivers/STM32F1xx_HAL_Driver/Src/stm32f1xx_ll_gpio.o
 .text.LL_GPIO_SetPinOutputType
                0x0800191c       0x64 ./Drivers/STM32F1xx_HAL_Driver/Src/stm32f1xx_ll_gpio.o
 .text.LL_GPIO_SetPinPull
                0x08001980       0x44 ./Drivers/STM32F1xx_HAL_Driver/Src/stm32f1xx_ll_gpio.o
 .text.LL_GPIO_Init
                0x080019c4       0xcc ./Drivers/STM32F1xx_HAL_Driver/Src/stm32f1xx_ll_gpio.o
                0x080019c4                LL_GPIO_Init
 .text.LL_RCC_GetSysClkSource
                0x08001a90       0x18 ./Drivers/STM32F1xx_HAL_Driver/Src/stm32f1xx_ll_rcc.o
 .text.LL_RCC_GetAHBPrescaler
                0x08001aa8       0x18 ./Drivers/STM32F1xx_HAL_Driver/Src/stm32f1xx_ll_rcc.o
 .text.LL_RCC_GetAPB1Prescaler
                0x08001ac0       0x18 ./Drivers/STM32F1xx_HAL_Driver/Src/stm32f1xx_ll_rcc.o
 .text.LL_RCC_GetAPB2Prescaler
                0x08001ad8       0x18 ./Drivers/STM32F1xx_HAL_Driver/Src/stm32f1xx_ll_rcc.o
 .text.LL_RCC_PLL_GetMainSource
                0x08001af0       0x18 ./Drivers/STM32F1xx_HAL_Driver/Src/stm32f1xx_ll_rcc.o
 .text.LL_RCC_PLL_GetMultiplicator
                0x08001b08       0x18 ./Drivers/STM32F1xx_HAL_Driver/Src/stm32f1xx_ll_rcc.o
 .text.LL_RCC_PLL_GetPrediv
                0x08001b20       0x1c ./Drivers/STM32F1xx_HAL_Driver/Src/stm32f1xx_ll_rcc.o
 .text.LL_RCC_GetSystemClocksFreq
                0x08001b3c       0x4a ./Drivers/STM32F1xx_HAL_Driver/Src/stm32f1xx_ll_rcc.o
                0x08001b3c                LL_RCC_GetSystemClocksFreq
 *fill*         0x08001b86        0x2 
 .text.RCC_GetSystemClockFreq
                0x08001b88       0x4c ./Drivers/STM32F1xx_HAL_Driver/Src/stm32f1xx_ll_rcc.o
                0x08001b88                RCC_GetSystemClockFreq
 .text.RCC_GetHCLKClockFreq
                0x08001bd4       0x2c ./Drivers/STM32F1xx_HAL_Driver/Src/stm32f1xx_ll_rcc.o
                0x08001bd4                RCC_GetHCLKClockFreq
 .text.RCC_GetPCLK1ClockFreq
                0x08001c00       0x28 ./Drivers/STM32F1xx_HAL_Driver/Src/stm32f1xx_ll_rcc.o
                0x08001c00                RCC_GetPCLK1ClockFreq
 .text.RCC_GetPCLK2ClockFreq
                0x08001c28       0x28 ./Drivers/STM32F1xx_HAL_Driver/Src/stm32f1xx_ll_rcc.o
                0x08001c28                RCC_GetPCLK2ClockFreq
 .text.RCC_PLL_GetFreqDomain_SYS
                0x08001c50       0x64 ./Drivers/STM32F1xx_HAL_Driver/Src/stm32f1xx_ll_rcc.o
                0x08001c50                RCC_PLL_GetFreqDomain_SYS
 .text.LL_SPI_IsEnabled
                0x08001cb4       0x24 ./Drivers/STM32F1xx_HAL_Driver/Src/stm32f1xx_ll_spi.o
 .text.LL_SPI_SetCRCPolynomial
                0x08001cd8       0x1e ./Drivers/STM32F1xx_HAL_Driver/Src/stm32f1xx_ll_spi.o
 .text.LL_SPI_Init
                0x08001cf6       0xa4 ./Drivers/STM32F1xx_HAL_Driver/Src/stm32f1xx_ll_spi.o
                0x08001cf6                LL_SPI_Init
 .text.LL_TIM_SetPrescaler
                0x08001d9a       0x1a ./Drivers/STM32F1xx_HAL_Driver/Src/stm32f1xx_ll_tim.o
 .text.LL_TIM_SetAutoReload
                0x08001db4       0x1a ./Drivers/STM32F1xx_HAL_Driver/Src/stm32f1xx_ll_tim.o
 .text.LL_TIM_SetRepetitionCounter
                0x08001dce       0x1a ./Drivers/STM32F1xx_HAL_Driver/Src/stm32f1xx_ll_tim.o
 .text.LL_TIM_GenerateEvent_UPDATE
                0x08001de8       0x1e ./Drivers/STM32F1xx_HAL_Driver/Src/stm32f1xx_ll_tim.o
 *fill*         0x08001e06        0x2 
 .text.LL_TIM_Init
                0x08001e08       0xec ./Drivers/STM32F1xx_HAL_Driver/Src/stm32f1xx_ll_tim.o
                0x08001e08                LL_TIM_Init
 .text.LL_USART_IsEnabled
                0x08001ef4       0x26 ./Drivers/STM32F1xx_HAL_Driver/Src/stm32f1xx_ll_usart.o
 .text.LL_USART_SetStopBitsLength
                0x08001f1a       0x24 ./Drivers/STM32F1xx_HAL_Driver/Src/stm32f1xx_ll_usart.o
 .text.LL_USART_SetHWFlowCtrl
                0x08001f3e       0x24 ./Drivers/STM32F1xx_HAL_Driver/Src/stm32f1xx_ll_usart.o
 *fill*         0x08001f62        0x2 
 .text.LL_USART_SetBaudRate
                0x08001f64       0xbc ./Drivers/STM32F1xx_HAL_Driver/Src/stm32f1xx_ll_usart.o
 .text.LL_USART_Init
                0x08002020       0xe4 ./Drivers/STM32F1xx_HAL_Driver/Src/stm32f1xx_ll_usart.o
                0x08002020                LL_USART_Init
 .text.LL_InitTick
                0x08002104       0x34 ./Drivers/STM32F1xx_HAL_Driver/Src/stm32f1xx_ll_utils.o
 .text.LL_Init1msTick
                0x08002138       0x1a ./Drivers/STM32F1xx_HAL_Driver/Src/stm32f1xx_ll_utils.o
                0x08002138                LL_Init1msTick
 *fill*         0x08002152        0x2 
 .text.LL_mDelay
                0x08002154       0x48 ./Drivers/STM32F1xx_HAL_Driver/Src/stm32f1xx_ll_utils.o
                0x08002154                LL_mDelay
 .text.LL_SetSystemCoreClock
                0x0800219c       0x1c ./Drivers/STM32F1xx_HAL_Driver/Src/stm32f1xx_ll_utils.o
                0x0800219c                LL_SetSystemCoreClock
 .text.snprintf
                0x080021b8       0x6c C:/ST/STM32CubeIDE_1.18.0/STM32CubeIDE/plugins/com.st.stm32cube.ide.mcu.externaltools.gnu-tools-for-stm32.13.3.rel1.win32_1.0.0.202411081344/tools/bin/../lib/gcc/arm-none-eabi/13.3.1/../../../../arm-none-eabi/lib/thumb/v7-m/nofp\libc_nano.a(libc_a-snprintf.o)
                0x080021b8                sniprintf
                0x080021b8                snprintf
 .text.memset   0x08002224       0x10 C:/ST/STM32CubeIDE_1.18.0/STM32CubeIDE/plugins/com.st.stm32cube.ide.mcu.externaltools.gnu-tools-for-stm32.13.3.rel1.win32_1.0.0.202411081344/tools/bin/../lib/gcc/arm-none-eabi/13.3.1/../../../../arm-none-eabi/lib/thumb/v7-m/nofp\libc_nano.a(libc_a-memset.o)
                0x08002224                memset
 .text.__errno  0x08002234        0xc C:/ST/STM32CubeIDE_1.18.0/STM32CubeIDE/plugins/com.st.stm32cube.ide.mcu.externaltools.gnu-tools-for-stm32.13.3.rel1.win32_1.0.0.202411081344/tools/bin/../lib/gcc/arm-none-eabi/13.3.1/../../../../arm-none-eabi/lib/thumb/v7-m/nofp\libc_nano.a(libc_a-errno.o)
                0x08002234                __errno
 .text.__libc_init_array
                0x08002240       0x48 C:/ST/STM32CubeIDE_1.18.0/STM32CubeIDE/plugins/com.st.stm32cube.ide.mcu.externaltools.gnu-tools-for-stm32.13.3.rel1.win32_1.0.0.202411081344/tools/bin/../lib/gcc/arm-none-eabi/13.3.1/../../../../arm-none-eabi/lib/thumb/v7-m/nofp\libc_nano.a(libc_a-init.o)
                0x08002240                __libc_init_array
 .text.__retarget_lock_acquire_recursive
                0x08002288        0x2 C:/ST/STM32CubeIDE_1.18.0/STM32CubeIDE/plugins/com.st.stm32cube.ide.mcu.externaltools.gnu-tools-for-stm32.13.3.rel1.win32_1.0.0.202411081344/tools/bin/../lib/gcc/arm-none-eabi/13.3.1/../../../../arm-none-eabi/lib/thumb/v7-m/nofp\libc_nano.a(libc_a-lock.o)
                0x08002288                __retarget_lock_acquire_recursive
 .text.__retarget_lock_release_recursive
                0x0800228a        0x2 C:/ST/STM32CubeIDE_1.18.0/STM32CubeIDE/plugins/com.st.stm32cube.ide.mcu.externaltools.gnu-tools-for-stm32.13.3.rel1.win32_1.0.0.202411081344/tools/bin/../lib/gcc/arm-none-eabi/13.3.1/../../../../arm-none-eabi/lib/thumb/v7-m/nofp\libc_nano.a(libc_a-lock.o)
                0x0800228a                __retarget_lock_release_recursive
 .text.memcpy   0x0800228c       0x1c C:/ST/STM32CubeIDE_1.18.0/STM32CubeIDE/plugins/com.st.stm32cube.ide.mcu.externaltools.gnu-tools-for-stm32.13.3.rel1.win32_1.0.0.202411081344/tools/bin/../lib/gcc/arm-none-eabi/13.3.1/../../../../arm-none-eabi/lib/thumb/v7-m/nofp\libc_nano.a(libc_a-memcpy-stub.o)
                0x0800228c                memcpy
 .text._free_r  0x080022a8       0x90 C:/ST/STM32CubeIDE_1.18.0/STM32CubeIDE/plugins/com.st.stm32cube.ide.mcu.externaltools.gnu-tools-for-stm32.13.3.rel1.win32_1.0.0.202411081344/tools/bin/../lib/gcc/arm-none-eabi/13.3.1/../../../../arm-none-eabi/lib/thumb/v7-m/nofp\libc_nano.a(libc_a-freer.o)
                0x080022a8                _free_r
 .text.sbrk_aligned
                0x08002338       0x44 C:/ST/STM32CubeIDE_1.18.0/STM32CubeIDE/plugins/com.st.stm32cube.ide.mcu.externaltools.gnu-tools-for-stm32.13.3.rel1.win32_1.0.0.202411081344/tools/bin/../lib/gcc/arm-none-eabi/13.3.1/../../../../arm-none-eabi/lib/thumb/v7-m/nofp\libc_nano.a(libc_a-mallocr.o)
 .text._malloc_r
                0x0800237c      0x100 C:/ST/STM32CubeIDE_1.18.0/STM32CubeIDE/plugins/com.st.stm32cube.ide.mcu.externaltools.gnu-tools-for-stm32.13.3.rel1.win32_1.0.0.202411081344/tools/bin/../lib/gcc/arm-none-eabi/13.3.1/../../../../arm-none-eabi/lib/thumb/v7-m/nofp\libc_nano.a(libc_a-mallocr.o)
                0x0800237c                _malloc_r
 .text.__malloc_lock
                0x0800247c        0xc C:/ST/STM32CubeIDE_1.18.0/STM32CubeIDE/plugins/com.st.stm32cube.ide.mcu.externaltools.gnu-tools-for-stm32.13.3.rel1.win32_1.0.0.202411081344/tools/bin/../lib/gcc/arm-none-eabi/13.3.1/../../../../arm-none-eabi/lib/thumb/v7-m/nofp\libc_nano.a(libc_a-mlock.o)
                0x0800247c                __malloc_lock
 .text.__malloc_unlock
                0x08002488        0xc C:/ST/STM32CubeIDE_1.18.0/STM32CubeIDE/plugins/com.st.stm32cube.ide.mcu.externaltools.gnu-tools-for-stm32.13.3.rel1.win32_1.0.0.202411081344/tools/bin/../lib/gcc/arm-none-eabi/13.3.1/../../../../arm-none-eabi/lib/thumb/v7-m/nofp\libc_nano.a(libc_a-mlock.o)
                0x08002488                __malloc_unlock
 .text.__ssputs_r
                0x08002494       0xb6 C:/ST/STM32CubeIDE_1.18.0/STM32CubeIDE/plugins/com.st.stm32cube.ide.mcu.externaltools.gnu-tools-for-stm32.13.3.rel1.win32_1.0.0.202411081344/tools/bin/../lib/gcc/arm-none-eabi/13.3.1/../../../../arm-none-eabi/lib/thumb/v7-m/nofp\libc_nano.a(libc_a-nano-svfprintf.o)
                0x08002494                __ssputs_r
 *fill*         0x0800254a        0x2 
 .text._svfprintf_r
                0x0800254c      0x1f8 C:/ST/STM32CubeIDE_1.18.0/STM32CubeIDE/plugins/com.st.stm32cube.ide.mcu.externaltools.gnu-tools-for-stm32.13.3.rel1.win32_1.0.0.202411081344/tools/bin/../lib/gcc/arm-none-eabi/13.3.1/../../../../arm-none-eabi/lib/thumb/v7-m/nofp\libc_nano.a(libc_a-nano-svfprintf.o)
                0x0800254c                _svfiprintf_r
                0x0800254c                _svfprintf_r
 .text._printf_common
                0x08002744       0xe4 C:/ST/STM32CubeIDE_1.18.0/STM32CubeIDE/plugins/com.st.stm32cube.ide.mcu.externaltools.gnu-tools-for-stm32.13.3.rel1.win32_1.0.0.202411081344/tools/bin/../lib/gcc/arm-none-eabi/13.3.1/../../../../arm-none-eabi/lib/thumb/v7-m/nofp\libc_nano.a(libc_a-nano-vfprintf_i.o)
                0x08002744                _printf_common
 .text._printf_i
                0x08002828      0x23c C:/ST/STM32CubeIDE_1.18.0/STM32CubeIDE/plugins/com.st.stm32cube.ide.mcu.externaltools.gnu-tools-for-stm32.13.3.rel1.win32_1.0.0.202411081344/tools/bin/../lib/gcc/arm-none-eabi/13.3.1/../../../../arm-none-eabi/lib/thumb/v7-m/nofp\libc_nano.a(libc_a-nano-vfprintf_i.o)
                0x08002828                _printf_i
 .text.memmove  0x08002a64       0x34 C:/ST/STM32CubeIDE_1.18.0/STM32CubeIDE/plugins/com.st.stm32cube.ide.mcu.externaltools.gnu-tools-for-stm32.13.3.rel1.win32_1.0.0.202411081344/tools/bin/../lib/gcc/arm-none-eabi/13.3.1/../../../../arm-none-eabi/lib/thumb/v7-m/nofp\libc_nano.a(libc_a-memmove.o)
                0x08002a64                memmove
 .text._sbrk_r  0x08002a98       0x20 C:/ST/STM32CubeIDE_1.18.0/STM32CubeIDE/plugins/com.st.stm32cube.ide.mcu.externaltools.gnu-tools-for-stm32.13.3.rel1.win32_1.0.0.202411081344/tools/bin/../lib/gcc/arm-none-eabi/13.3.1/../../../../arm-none-eabi/lib/thumb/v7-m/nofp\libc_nano.a(libc_a-sbrkr.o)
                0x08002a98                _sbrk_r
 .text.memchr   0x08002ab8       0x1c C:/ST/STM32CubeIDE_1.18.0/STM32CubeIDE/plugins/com.st.stm32cube.ide.mcu.externaltools.gnu-tools-for-stm32.13.3.rel1.win32_1.0.0.202411081344/tools/bin/../lib/gcc/arm-none-eabi/13.3.1/../../../../arm-none-eabi/lib/thumb/v7-m/nofp\libc_nano.a(libc_a-memchr-stub.o)
                0x08002ab8                memchr
 .text._realloc_r
                0x08002ad4       0x5c C:/ST/STM32CubeIDE_1.18.0/STM32CubeIDE/plugins/com.st.stm32cube.ide.mcu.externaltools.gnu-tools-for-stm32.13.3.rel1.win32_1.0.0.202411081344/tools/bin/../lib/gcc/arm-none-eabi/13.3.1/../../../../arm-none-eabi/lib/thumb/v7-m/nofp\libc_nano.a(libc_a-reallocr.o)
                0x08002ad4                _realloc_r
 .text._malloc_usable_size_r
                0x08002b30       0x10 C:/ST/STM32CubeIDE_1.18.0/STM32CubeIDE/plugins/com.st.stm32cube.ide.mcu.externaltools.gnu-tools-for-stm32.13.3.rel1.win32_1.0.0.202411081344/tools/bin/../lib/gcc/arm-none-eabi/13.3.1/../../../../arm-none-eabi/lib/thumb/v7-m/nofp\libc_nano.a(libc_a-msizer.o)
                0x08002b30                _malloc_usable_size_r
 *(.glue_7)
 .glue_7        0x08002b40        0x0 linker stubs
 *(.glue_7t)
 .glue_7t       0x08002b40        0x0 linker stubs
 *(.eh_frame)
 .eh_frame      0x08002b40        0x0 C:/ST/STM32CubeIDE_1.18.0/STM32CubeIDE/plugins/com.st.stm32cube.ide.mcu.externaltools.gnu-tools-for-stm32.13.3.rel1.win32_1.0.0.202411081344/tools/bin/../lib/gcc/arm-none-eabi/13.3.1/thumb/v7-m/nofp/crtbegin.o
 *(.init)
 .init          0x08002b40        0x4 C:/ST/STM32CubeIDE_1.18.0/STM32CubeIDE/plugins/com.st.stm32cube.ide.mcu.externaltools.gnu-tools-for-stm32.13.3.rel1.win32_1.0.0.202411081344/tools/bin/../lib/gcc/arm-none-eabi/13.3.1/thumb/v7-m/nofp/crti.o
                0x08002b40                _init
 .init          0x08002b44        0x8 C:/ST/STM32CubeIDE_1.18.0/STM32CubeIDE/plugins/com.st.stm32cube.ide.mcu.externaltools.gnu-tools-for-stm32.13.3.rel1.win32_1.0.0.202411081344/tools/bin/../lib/gcc/arm-none-eabi/13.3.1/thumb/v7-m/nofp/crtn.o
 *(.fini)
 .fini          0x08002b4c        0x4 C:/ST/STM32CubeIDE_1.18.0/STM32CubeIDE/plugins/com.st.stm32cube.ide.mcu.externaltools.gnu-tools-for-stm32.13.3.rel1.win32_1.0.0.202411081344/tools/bin/../lib/gcc/arm-none-eabi/13.3.1/thumb/v7-m/nofp/crti.o
                0x08002b4c                _fini
 .fini          0x08002b50        0x8 C:/ST/STM32CubeIDE_1.18.0/STM32CubeIDE/plugins/com.st.stm32cube.ide.mcu.externaltools.gnu-tools-for-stm32.13.3.rel1.win32_1.0.0.202411081344/tools/bin/../lib/gcc/arm-none-eabi/13.3.1/thumb/v7-m/nofp/crtn.o
                0x08002b58                        . = ALIGN (0x4)
                0x08002b58                        _etext = .

.vfp11_veneer   0x08002b58        0x0
 .vfp11_veneer  0x08002b58        0x0 linker stubs

.v4_bx          0x08002b58        0x0
 .v4_bx         0x08002b58        0x0 linker stubs

.iplt           0x08002b58        0x0
 .iplt          0x08002b58        0x0 C:/ST/STM32CubeIDE_1.18.0/STM32CubeIDE/plugins/com.st.stm32cube.ide.mcu.externaltools.gnu-tools-for-stm32.13.3.rel1.win32_1.0.0.202411081344/tools/bin/../lib/gcc/arm-none-eabi/13.3.1/thumb/v7-m/nofp/crtbegin.o

.rodata         0x08002b58      0x1e8
                0x08002b58                        . = ALIGN (0x4)
 *(.rodata)
 .rodata        0x08002b58        0xb ./Core/Src/main.o
 *(.rodata*)
 *fill*         0x08002b63        0x1 
 .rodata.AHBPrescTable
                0x08002b64       0x10 ./Core/Src/system_stm32f1xx.o
                0x08002b64                AHBPrescTable
 .rodata.APBPrescTable
                0x08002b74        0x8 ./Core/Src/system_stm32f1xx.o
                0x08002b74                APBPrescTable
 .rodata.SONG_NAME_START
                0x08002b7c       0xc8 ./Dev/SONG/song.o
 .rodata.SONG_DATA_START
                0x08002c44       0xc8 ./Dev/SONG/song.o
 .rodata._svfprintf_r.str1.1
                0x08002d0c       0x33 C:/ST/STM32CubeIDE_1.18.0/STM32CubeIDE/plugins/com.st.stm32cube.ide.mcu.externaltools.gnu-tools-for-stm32.13.3.rel1.win32_1.0.0.202411081344/tools/bin/../lib/gcc/arm-none-eabi/13.3.1/../../../../arm-none-eabi/lib/thumb/v7-m/nofp\libc_nano.a(libc_a-nano-svfprintf.o)
                                 0x11 (size before relaxing)
 .rodata._printf_i.str1.1
                0x08002d3f       0x22 C:/ST/STM32CubeIDE_1.18.0/STM32CubeIDE/plugins/com.st.stm32cube.ide.mcu.externaltools.gnu-tools-for-stm32.13.3.rel1.win32_1.0.0.202411081344/tools/bin/../lib/gcc/arm-none-eabi/13.3.1/../../../../arm-none-eabi/lib/thumb/v7-m/nofp\libc_nano.a(libc_a-nano-vfprintf_i.o)
                0x08002d64                        . = ALIGN (0x4)
 *fill*         0x08002d3f        0x1 

.ARM.extab      0x08002d40        0x0
                0x08002d40                        . = ALIGN (0x4)
 *(.ARM.extab* .gnu.linkonce.armextab.*)
                0x08002d40                        . = ALIGN (0x4)

.ARM            0x08002d40        0x8
                0x08002d40                        . = ALIGN (0x4)
                0x08002d40                        __exidx_start = .
 *(.ARM.exidx*)
 .ARM.exidx     0x08002d40        0x8 C:/ST/STM32CubeIDE_1.18.0/STM32CubeIDE/plugins/com.st.stm32cube.ide.mcu.externaltools.gnu-tools-for-stm32.13.3.rel1.win32_1.0.0.202411081344/tools/bin/../lib/gcc/arm-none-eabi/13.3.1/../../../../arm-none-eabi/lib/thumb/v7-m/nofp\libc_nano.a(libc_a-strlen.o)
                0x08002d48                        __exidx_end = .
                0x08002d48                        . = ALIGN (0x4)

.preinit_array  0x08002d48        0x0
                0x08002d48                        . = ALIGN (0x4)
                0x08002d48                        PROVIDE (__preinit_array_start = .)
 *(.preinit_array*)
                0x08002d48                        PROVIDE (__preinit_array_end = .)
                0x08002d48                        . = ALIGN (0x4)

.init_array     0x08002d48        0x4
                0x08002d48                        . = ALIGN (0x4)
                0x08002d48                        PROVIDE (__init_array_start = .)
 *(SORT_BY_NAME(.init_array.*))
 *(.init_array*)
 .init_array    0x08002d48        0x4 C:/ST/STM32CubeIDE_1.18.0/STM32CubeIDE/plugins/com.st.stm32cube.ide.mcu.externaltools.gnu-tools-for-stm32.13.3.rel1.win32_1.0.0.202411081344/tools/bin/../lib/gcc/arm-none-eabi/13.3.1/thumb/v7-m/nofp/crtbegin.o
                0x08002d4c                        PROVIDE (__init_array_end = .)
                0x08002d4c                        . = ALIGN (0x4)

.fini_array     0x08002d4c        0x4
                0x08002d4c                        . = ALIGN (0x4)
                [!provide]                        PROVIDE (__fini_array_start = .)
 *(SORT_BY_NAME(.fini_array.*))
 *(.fini_array*)
 .fini_array    0x08002d4c        0x4 C:/ST/STM32CubeIDE_1.18.0/STM32CubeIDE/plugins/com.st.stm32cube.ide.mcu.externaltools.gnu-tools-for-stm32.13.3.rel1.win32_1.0.0.202411081344/tools/bin/../lib/gcc/arm-none-eabi/13.3.1/thumb/v7-m/nofp/crtbegin.o
                [!provide]                        PROVIDE (__fini_array_end = .)
                0x08002d50                        . = ALIGN (0x4)
                0x08002d50                        _sidata = LOADADDR (.data)

.rel.dyn        0x08002d50        0x0
 .rel.iplt      0x08002d50        0x0 C:/ST/STM32CubeIDE_1.18.0/STM32CubeIDE/plugins/com.st.stm32cube.ide.mcu.externaltools.gnu-tools-for-stm32.13.3.rel1.win32_1.0.0.202411081344/tools/bin/../lib/gcc/arm-none-eabi/13.3.1/thumb/v7-m/nofp/crtbegin.o

.data           0x20000000      0x260 load address 0x08002d50
                0x20000000                        . = ALIGN (0x4)
                0x20000000                        _sdata = .
 *(.data)
 *(.data*)
 .data.flash    0x20000000        0xc ./Core/Src/main.o
                0x20000000                flash
 .data.SystemCoreClock
                0x2000000c        0x4 ./Core/Src/system_stm32f1xx.o
                0x2000000c                SystemCoreClock
 .data.song_name
                0x20000010      0x200 ./Dev/SONG/song.o
                0x20000010                song_name
 .data._impure_ptr
                0x20000210        0x4 C:/ST/STM32CubeIDE_1.18.0/STM32CubeIDE/plugins/com.st.stm32cube.ide.mcu.externaltools.gnu-tools-for-stm32.13.3.rel1.win32_1.0.0.202411081344/tools/bin/../lib/gcc/arm-none-eabi/13.3.1/../../../../arm-none-eabi/lib/thumb/v7-m/nofp\libc_nano.a(libc_a-impure.o)
                0x20000210                _impure_ptr
 .data._impure_data
                0x20000214       0x4c C:/ST/STM32CubeIDE_1.18.0/STM32CubeIDE/plugins/com.st.stm32cube.ide.mcu.externaltools.gnu-tools-for-stm32.13.3.rel1.win32_1.0.0.202411081344/tools/bin/../lib/gcc/arm-none-eabi/13.3.1/../../../../arm-none-eabi/lib/thumb/v7-m/nofp\libc_nano.a(libc_a-impure.o)
                0x20000214                _impure_data
 *(.RamFunc)
 *(.RamFunc*)
                0x20000260                        . = ALIGN (0x4)
                0x20000260                        _edata = .

.igot.plt       0x20000260        0x0 load address 0x08002fb0
 .igot.plt      0x20000260        0x0 C:/ST/STM32CubeIDE_1.18.0/STM32CubeIDE/plugins/com.st.stm32cube.ide.mcu.externaltools.gnu-tools-for-stm32.13.3.rel1.win32_1.0.0.202411081344/tools/bin/../lib/gcc/arm-none-eabi/13.3.1/thumb/v7-m/nofp/crtbegin.o
                0x20000260                        . = ALIGN (0x4)

.bss            0x20000260     0x307c load address 0x08002fb0
                0x20000260                        _sbss = .
                0x20000260                        __bss_start__ = _sbss
 *(.bss)
 .bss           0x20000260       0x1c C:/ST/STM32CubeIDE_1.18.0/STM32CubeIDE/plugins/com.st.stm32cube.ide.mcu.externaltools.gnu-tools-for-stm32.13.3.rel1.win32_1.0.0.202411081344/tools/bin/../lib/gcc/arm-none-eabi/13.3.1/thumb/v7-m/nofp/crtbegin.o
 *(.bss*)
 .bss.current_state
                0x2000027c        0x1 ./Core/Src/main.o
 *fill*         0x2000027d        0x3 
 .bss.sample_count
                0x20000280        0x4 ./Core/Src/main.o
 .bss.sw1_hold_time
                0x20000284        0x4 ./Core/Src/main.o
 .bss.sw2_hold_time
                0x20000288        0x4 ./Core/Src/main.o
 .bss.sw1_debounce
                0x2000028c        0x4 ./Core/Src/main.o
 .bss.sw2_debounce
                0x20000290        0x4 ./Core/Src/main.o
 .bss.sw1_state
                0x20000294        0x1 ./Core/Src/main.o
 .bss.sw2_state
                0x20000295        0x1 ./Core/Src/main.o
 *fill*         0x20000296        0x2 
 .bss.uart_wait_delay
                0x20000298        0x4 ./Core/Src/main.o
 .bss.erase_wait_delay
                0x2000029c        0x4 ./Core/Src/main.o
 .bss.timer_count
                0x200002a0        0x4 ./Core/Src/main.o
                0x200002a0                timer_count
 .bss.flash_addr
                0x200002a4        0x4 ./Core/Src/main.o
 .bss.led_toggle_count
                0x200002a8        0x4 ./Core/Src/main.o
 .bss.__sbrk_heap_end
                0x200002ac        0x4 ./Core/Src/sysmem.o
 .bss.song_index
                0x200002b0        0x4 ./Dev/SONG/song.o
                0x200002b0                song_index
 .bss.song_data
                0x200002b4     0x2ee0 ./Dev/SONG/song.o
                0x200002b4                song_data
 .bss.__sf      0x20003194      0x138 C:/ST/STM32CubeIDE_1.18.0/STM32CubeIDE/plugins/com.st.stm32cube.ide.mcu.externaltools.gnu-tools-for-stm32.13.3.rel1.win32_1.0.0.202411081344/tools/bin/../lib/gcc/arm-none-eabi/13.3.1/../../../../arm-none-eabi/lib/thumb/v7-m/nofp\libc_nano.a(libc_a-findfp.o)
                0x20003194                __sf
 .bss.errno     0x200032cc        0x4 C:/ST/STM32CubeIDE_1.18.0/STM32CubeIDE/plugins/com.st.stm32cube.ide.mcu.externaltools.gnu-tools-for-stm32.13.3.rel1.win32_1.0.0.202411081344/tools/bin/../lib/gcc/arm-none-eabi/13.3.1/../../../../arm-none-eabi/lib/thumb/v7-m/nofp\libc_nano.a(libc_a-reent.o)
                0x200032cc                errno
 .bss.__lock___malloc_recursive_mutex
                0x200032d0        0x1 C:/ST/STM32CubeIDE_1.18.0/STM32CubeIDE/plugins/com.st.stm32cube.ide.mcu.externaltools.gnu-tools-for-stm32.13.3.rel1.win32_1.0.0.202411081344/tools/bin/../lib/gcc/arm-none-eabi/13.3.1/../../../../arm-none-eabi/lib/thumb/v7-m/nofp\libc_nano.a(libc_a-lock.o)
                0x200032d0                __lock___malloc_recursive_mutex
 *fill*         0x200032d1        0x3 
 .bss.__malloc_sbrk_start
                0x200032d4        0x4 C:/ST/STM32CubeIDE_1.18.0/STM32CubeIDE/plugins/com.st.stm32cube.ide.mcu.externaltools.gnu-tools-for-stm32.13.3.rel1.win32_1.0.0.202411081344/tools/bin/../lib/gcc/arm-none-eabi/13.3.1/../../../../arm-none-eabi/lib/thumb/v7-m/nofp\libc_nano.a(libc_a-mallocr.o)
                0x200032d4                __malloc_sbrk_start
 .bss.__malloc_free_list
                0x200032d8        0x4 C:/ST/STM32CubeIDE_1.18.0/STM32CubeIDE/plugins/com.st.stm32cube.ide.mcu.externaltools.gnu-tools-for-stm32.13.3.rel1.win32_1.0.0.202411081344/tools/bin/../lib/gcc/arm-none-eabi/13.3.1/../../../../arm-none-eabi/lib/thumb/v7-m/nofp\libc_nano.a(libc_a-mallocr.o)
                0x200032d8                __malloc_free_list
 *(COMMON)
                0x200032dc                        . = ALIGN (0x4)
                0x200032dc                        _ebss = .
                0x200032dc                        __bss_end__ = _ebss

._user_heap_stack
                0x200032dc      0x604 load address 0x08002fb0
                0x200032e0                        . = ALIGN (0x8)
 *fill*         0x200032dc        0x4 
                [!provide]                        PROVIDE (end = .)
                0x200032e0                        PROVIDE (_end = .)
                0x200034e0                        . = (. + _Min_Heap_Size)
 *fill*         0x200032e0      0x200 
                0x200038e0                        . = (. + _Min_Stack_Size)
 *fill*         0x200034e0      0x400 
                0x200038e0                        . = ALIGN (0x8)

/DISCARD/
 libc.a(*)
 libm.a(*)
 libgcc.a(*)

.ARM.attributes
                0x00000000       0x29
 *(.ARM.attributes)
 .ARM.attributes
                0x00000000       0x1d C:/ST/STM32CubeIDE_1.18.0/STM32CubeIDE/plugins/com.st.stm32cube.ide.mcu.externaltools.gnu-tools-for-stm32.13.3.rel1.win32_1.0.0.202411081344/tools/bin/../lib/gcc/arm-none-eabi/13.3.1/thumb/v7-m/nofp/crti.o
 .ARM.attributes
                0x0000001d       0x2d C:/ST/STM32CubeIDE_1.18.0/STM32CubeIDE/plugins/com.st.stm32cube.ide.mcu.externaltools.gnu-tools-for-stm32.13.3.rel1.win32_1.0.0.202411081344/tools/bin/../lib/gcc/arm-none-eabi/13.3.1/thumb/v7-m/nofp/crtbegin.o
 .ARM.attributes
                0x0000004a       0x2d ./Core/Src/main.o
 .ARM.attributes
                0x00000077       0x2d ./Core/Src/stm32f1xx_it.o
 .ARM.attributes
                0x000000a4       0x2d ./Core/Src/sysmem.o
 .ARM.attributes
                0x000000d1       0x2d ./Core/Src/system_stm32f1xx.o
 .ARM.attributes
                0x000000fe       0x21 ./Core/Startup/startup_stm32f103rctx.o
 .ARM.attributes
                0x0000011f       0x2d ./Dev/FLASH/gd25q16e.o
 .ARM.attributes
                0x0000014c       0x2d ./Dev/SONG/song.o
 .ARM.attributes
                0x00000179       0x2d ./Dev/TTP229/ttp229.o
 .ARM.attributes
                0x000001a6       0x2d ./Drivers/STM32F1xx_HAL_Driver/Src/stm32f1xx_ll_gpio.o
 .ARM.attributes
                0x000001d3       0x2d ./Drivers/STM32F1xx_HAL_Driver/Src/stm32f1xx_ll_rcc.o
 .ARM.attributes
                0x00000200       0x2d ./Drivers/STM32F1xx_HAL_Driver/Src/stm32f1xx_ll_spi.o
 .ARM.attributes
                0x0000022d       0x2d ./Drivers/STM32F1xx_HAL_Driver/Src/stm32f1xx_ll_tim.o
 .ARM.attributes
                0x0000025a       0x2d ./Drivers/STM32F1xx_HAL_Driver/Src/stm32f1xx_ll_usart.o
 .ARM.attributes
                0x00000287       0x2d ./Drivers/STM32F1xx_HAL_Driver/Src/stm32f1xx_ll_utils.o
 .ARM.attributes
                0x000002b4       0x2d C:/ST/STM32CubeIDE_1.18.0/STM32CubeIDE/plugins/com.st.stm32cube.ide.mcu.externaltools.gnu-tools-for-stm32.13.3.rel1.win32_1.0.0.202411081344/tools/bin/../lib/gcc/arm-none-eabi/13.3.1/../../../../arm-none-eabi/lib/thumb/v7-m/nofp\libc_nano.a(libc_a-findfp.o)
 .ARM.attributes
                0x000002e1       0x2d C:/ST/STM32CubeIDE_1.18.0/STM32CubeIDE/plugins/com.st.stm32cube.ide.mcu.externaltools.gnu-tools-for-stm32.13.3.rel1.win32_1.0.0.202411081344/tools/bin/../lib/gcc/arm-none-eabi/13.3.1/../../../../arm-none-eabi/lib/thumb/v7-m/nofp\libc_nano.a(libc_a-snprintf.o)
 .ARM.attributes
                0x0000030e       0x2d C:/ST/STM32CubeIDE_1.18.0/STM32CubeIDE/plugins/com.st.stm32cube.ide.mcu.externaltools.gnu-tools-for-stm32.13.3.rel1.win32_1.0.0.202411081344/tools/bin/../lib/gcc/arm-none-eabi/13.3.1/../../../../arm-none-eabi/lib/thumb/v7-m/nofp\libc_nano.a(libc_a-memset.o)
 .ARM.attributes
                0x0000033b       0x2d C:/ST/STM32CubeIDE_1.18.0/STM32CubeIDE/plugins/com.st.stm32cube.ide.mcu.externaltools.gnu-tools-for-stm32.13.3.rel1.win32_1.0.0.202411081344/tools/bin/../lib/gcc/arm-none-eabi/13.3.1/../../../../arm-none-eabi/lib/thumb/v7-m/nofp\libc_nano.a(libc_a-reent.o)
 .ARM.attributes
                0x00000368       0x2d C:/ST/STM32CubeIDE_1.18.0/STM32CubeIDE/plugins/com.st.stm32cube.ide.mcu.externaltools.gnu-tools-for-stm32.13.3.rel1.win32_1.0.0.202411081344/tools/bin/../lib/gcc/arm-none-eabi/13.3.1/../../../../arm-none-eabi/lib/thumb/v7-m/nofp\libc_nano.a(libc_a-impure.o)
 .ARM.attributes
                0x00000395       0x2d C:/ST/STM32CubeIDE_1.18.0/STM32CubeIDE/plugins/com.st.stm32cube.ide.mcu.externaltools.gnu-tools-for-stm32.13.3.rel1.win32_1.0.0.202411081344/tools/bin/../lib/gcc/arm-none-eabi/13.3.1/../../../../arm-none-eabi/lib/thumb/v7-m/nofp\libc_nano.a(libc_a-errno.o)
 .ARM.attributes
                0x000003c2       0x2d C:/ST/STM32CubeIDE_1.18.0/STM32CubeIDE/plugins/com.st.stm32cube.ide.mcu.externaltools.gnu-tools-for-stm32.13.3.rel1.win32_1.0.0.202411081344/tools/bin/../lib/gcc/arm-none-eabi/13.3.1/../../../../arm-none-eabi/lib/thumb/v7-m/nofp\libc_nano.a(libc_a-init.o)
 .ARM.attributes
                0x000003ef       0x2d C:/ST/STM32CubeIDE_1.18.0/STM32CubeIDE/plugins/com.st.stm32cube.ide.mcu.externaltools.gnu-tools-for-stm32.13.3.rel1.win32_1.0.0.202411081344/tools/bin/../lib/gcc/arm-none-eabi/13.3.1/../../../../arm-none-eabi/lib/thumb/v7-m/nofp\libc_nano.a(libc_a-lock.o)
 .ARM.attributes
                0x0000041c       0x2d C:/ST/STM32CubeIDE_1.18.0/STM32CubeIDE/plugins/com.st.stm32cube.ide.mcu.externaltools.gnu-tools-for-stm32.13.3.rel1.win32_1.0.0.202411081344/tools/bin/../lib/gcc/arm-none-eabi/13.3.1/../../../../arm-none-eabi/lib/thumb/v7-m/nofp\libc_nano.a(libc_a-memcpy-stub.o)
 .ARM.attributes
                0x00000449       0x17 C:/ST/STM32CubeIDE_1.18.0/STM32CubeIDE/plugins/com.st.stm32cube.ide.mcu.externaltools.gnu-tools-for-stm32.13.3.rel1.win32_1.0.0.202411081344/tools/bin/../lib/gcc/arm-none-eabi/13.3.1/../../../../arm-none-eabi/lib/thumb/v7-m/nofp\libc_nano.a(libc_a-strlen.o)
 .ARM.attributes
                0x00000460       0x2d C:/ST/STM32CubeIDE_1.18.0/STM32CubeIDE/plugins/com.st.stm32cube.ide.mcu.externaltools.gnu-tools-for-stm32.13.3.rel1.win32_1.0.0.202411081344/tools/bin/../lib/gcc/arm-none-eabi/13.3.1/../../../../arm-none-eabi/lib/thumb/v7-m/nofp\libc_nano.a(libc_a-freer.o)
 .ARM.attributes
                0x0000048d       0x2d C:/ST/STM32CubeIDE_1.18.0/STM32CubeIDE/plugins/com.st.stm32cube.ide.mcu.externaltools.gnu-tools-for-stm32.13.3.rel1.win32_1.0.0.202411081344/tools/bin/../lib/gcc/arm-none-eabi/13.3.1/../../../../arm-none-eabi/lib/thumb/v7-m/nofp\libc_nano.a(libc_a-mallocr.o)
 .ARM.attributes
                0x000004ba       0x2d C:/ST/STM32CubeIDE_1.18.0/STM32CubeIDE/plugins/com.st.stm32cube.ide.mcu.externaltools.gnu-tools-for-stm32.13.3.rel1.win32_1.0.0.202411081344/tools/bin/../lib/gcc/arm-none-eabi/13.3.1/../../../../arm-none-eabi/lib/thumb/v7-m/nofp\libc_nano.a(libc_a-mlock.o)
 .ARM.attributes
                0x000004e7       0x2d C:/ST/STM32CubeIDE_1.18.0/STM32CubeIDE/plugins/com.st.stm32cube.ide.mcu.externaltools.gnu-tools-for-stm32.13.3.rel1.win32_1.0.0.202411081344/tools/bin/../lib/gcc/arm-none-eabi/13.3.1/../../../../arm-none-eabi/lib/thumb/v7-m/nofp\libc_nano.a(libc_a-nano-svfprintf.o)
 .ARM.attributes
                0x00000514       0x2d C:/ST/STM32CubeIDE_1.18.0/STM32CubeIDE/plugins/com.st.stm32cube.ide.mcu.externaltools.gnu-tools-for-stm32.13.3.rel1.win32_1.0.0.202411081344/tools/bin/../lib/gcc/arm-none-eabi/13.3.1/../../../../arm-none-eabi/lib/thumb/v7-m/nofp\libc_nano.a(libc_a-nano-vfprintf_i.o)
 .ARM.attributes
                0x00000541       0x2d C:/ST/STM32CubeIDE_1.18.0/STM32CubeIDE/plugins/com.st.stm32cube.ide.mcu.externaltools.gnu-tools-for-stm32.13.3.rel1.win32_1.0.0.202411081344/tools/bin/../lib/gcc/arm-none-eabi/13.3.1/../../../../arm-none-eabi/lib/thumb/v7-m/nofp\libc_nano.a(libc_a-memmove.o)
 .ARM.attributes
                0x0000056e       0x2d C:/ST/STM32CubeIDE_1.18.0/STM32CubeIDE/plugins/com.st.stm32cube.ide.mcu.externaltools.gnu-tools-for-stm32.13.3.rel1.win32_1.0.0.202411081344/tools/bin/../lib/gcc/arm-none-eabi/13.3.1/../../../../arm-none-eabi/lib/thumb/v7-m/nofp\libc_nano.a(libc_a-sbrkr.o)
 .ARM.attributes
                0x0000059b       0x2d C:/ST/STM32CubeIDE_1.18.0/STM32CubeIDE/plugins/com.st.stm32cube.ide.mcu.externaltools.gnu-tools-for-stm32.13.3.rel1.win32_1.0.0.202411081344/tools/bin/../lib/gcc/arm-none-eabi/13.3.1/../../../../arm-none-eabi/lib/thumb/v7-m/nofp\libc_nano.a(libc_a-memchr-stub.o)
 .ARM.attributes
                0x000005c8       0x2d C:/ST/STM32CubeIDE_1.18.0/STM32CubeIDE/plugins/com.st.stm32cube.ide.mcu.externaltools.gnu-tools-for-stm32.13.3.rel1.win32_1.0.0.202411081344/tools/bin/../lib/gcc/arm-none-eabi/13.3.1/../../../../arm-none-eabi/lib/thumb/v7-m/nofp\libc_nano.a(libc_a-reallocr.o)
 .ARM.attributes
                0x000005f5       0x2d C:/ST/STM32CubeIDE_1.18.0/STM32CubeIDE/plugins/com.st.stm32cube.ide.mcu.externaltools.gnu-tools-for-stm32.13.3.rel1.win32_1.0.0.202411081344/tools/bin/../lib/gcc/arm-none-eabi/13.3.1/../../../../arm-none-eabi/lib/thumb/v7-m/nofp\libc_nano.a(libc_a-msizer.o)
 .ARM.attributes
                0x00000622       0x1d C:/ST/STM32CubeIDE_1.18.0/STM32CubeIDE/plugins/com.st.stm32cube.ide.mcu.externaltools.gnu-tools-for-stm32.13.3.rel1.win32_1.0.0.202411081344/tools/bin/../lib/gcc/arm-none-eabi/13.3.1/thumb/v7-m/nofp/crtn.o
OUTPUT(PIANO_GETTER.elf elf32-littlearm)
LOAD linker stubs
LOAD C:/ST/STM32CubeIDE_1.18.0/STM32CubeIDE/plugins/com.st.stm32cube.ide.mcu.externaltools.gnu-tools-for-stm32.13.3.rel1.win32_1.0.0.202411081344/tools/bin/../lib/gcc/arm-none-eabi/13.3.1/../../../../arm-none-eabi/lib/thumb/v7-m/nofp\libc.a
LOAD C:/ST/STM32CubeIDE_1.18.0/STM32CubeIDE/plugins/com.st.stm32cube.ide.mcu.externaltools.gnu-tools-for-stm32.13.3.rel1.win32_1.0.0.202411081344/tools/bin/../lib/gcc/arm-none-eabi/13.3.1/../../../../arm-none-eabi/lib/thumb/v7-m/nofp\libm.a
LOAD C:/ST/STM32CubeIDE_1.18.0/STM32CubeIDE/plugins/com.st.stm32cube.ide.mcu.externaltools.gnu-tools-for-stm32.13.3.rel1.win32_1.0.0.202411081344/tools/bin/../lib/gcc/arm-none-eabi/13.3.1/thumb/v7-m/nofp\libgcc.a

.debug_info     0x00000000     0x5862
 .debug_info    0x00000000     0x1947 ./Core/Src/main.o
 .debug_info    0x00001947      0x1b3 ./Core/Src/stm32f1xx_it.o
 .debug_info    0x00001afa      0x168 ./Core/Src/sysmem.o
 .debug_info    0x00001c62      0x21b ./Core/Src/system_stm32f1xx.o
 .debug_info    0x00001e7d       0x30 ./Core/Startup/startup_stm32f103rctx.o
 .debug_info    0x00001ead      0x6e0 ./Dev/FLASH/gd25q16e.o
 .debug_info    0x0000258d      0x3db ./Dev/SONG/song.o
 .debug_info    0x00002968      0x1fa ./Dev/TTP229/ttp229.o
 .debug_info    0x00002b62      0x59a ./Drivers/STM32F1xx_HAL_Driver/Src/stm32f1xx_ll_gpio.o
 .debug_info    0x000030fc      0x54b ./Drivers/STM32F1xx_HAL_Driver/Src/stm32f1xx_ll_rcc.o
 .debug_info    0x00003647      0x65c ./Drivers/STM32F1xx_HAL_Driver/Src/stm32f1xx_ll_spi.o
 .debug_info    0x00003ca3      0xe1c ./Drivers/STM32F1xx_HAL_Driver/Src/stm32f1xx_ll_tim.o
 .debug_info    0x00004abf      0x5c2 ./Drivers/STM32F1xx_HAL_Driver/Src/stm32f1xx_ll_usart.o
 .debug_info    0x00005081      0x7e1 ./Drivers/STM32F1xx_HAL_Driver/Src/stm32f1xx_ll_utils.o

.debug_abbrev   0x00000000     0x17b4
 .debug_abbrev  0x00000000      0x383 ./Core/Src/main.o
 .debug_abbrev  0x00000383       0xad ./Core/Src/stm32f1xx_it.o
 .debug_abbrev  0x00000430       0xbc ./Core/Src/sysmem.o
 .debug_abbrev  0x000004ec      0x13f ./Core/Src/system_stm32f1xx.o
 .debug_abbrev  0x0000062b       0x24 ./Core/Startup/startup_stm32f103rctx.o
 .debug_abbrev  0x0000064f      0x215 ./Dev/FLASH/gd25q16e.o
 .debug_abbrev  0x00000864      0x18b ./Dev/SONG/song.o
 .debug_abbrev  0x000009ef      0x103 ./Dev/TTP229/ttp229.o
 .debug_abbrev  0x00000af2      0x20d ./Drivers/STM32F1xx_HAL_Driver/Src/stm32f1xx_ll_gpio.o
 .debug_abbrev  0x00000cff      0x273 ./Drivers/STM32F1xx_HAL_Driver/Src/stm32f1xx_ll_rcc.o
 .debug_abbrev  0x00000f72      0x21f ./Drivers/STM32F1xx_HAL_Driver/Src/stm32f1xx_ll_spi.o
 .debug_abbrev  0x00001191      0x20e ./Drivers/STM32F1xx_HAL_Driver/Src/stm32f1xx_ll_tim.o
 .debug_abbrev  0x0000139f      0x1c7 ./Drivers/STM32F1xx_HAL_Driver/Src/stm32f1xx_ll_usart.o
 .debug_abbrev  0x00001566      0x24e ./Drivers/STM32F1xx_HAL_Driver/Src/stm32f1xx_ll_utils.o

.debug_aranges  0x00000000      0x7f8
 .debug_aranges
                0x00000000      0x1a8 ./Core/Src/main.o
 .debug_aranges
                0x000001a8       0x68 ./Core/Src/stm32f1xx_it.o
 .debug_aranges
                0x00000210       0x20 ./Core/Src/sysmem.o
 .debug_aranges
                0x00000230       0x28 ./Core/Src/system_stm32f1xx.o
 .debug_aranges
                0x00000258       0x28 ./Core/Startup/startup_stm32f103rctx.o
 .debug_aranges
                0x00000280       0xc0 ./Dev/FLASH/gd25q16e.o
 .debug_aranges
                0x00000340       0x28 ./Dev/SONG/song.o
 .debug_aranges
                0x00000368       0x28 ./Dev/TTP229/ttp229.o
 .debug_aranges
                0x00000390       0x60 ./Drivers/STM32F1xx_HAL_Driver/Src/stm32f1xx_ll_gpio.o
 .debug_aranges
                0x000003f0       0xd8 ./Drivers/STM32F1xx_HAL_Driver/Src/stm32f1xx_ll_rcc.o
 .debug_aranges
                0x000004c8       0x88 ./Drivers/STM32F1xx_HAL_Driver/Src/stm32f1xx_ll_spi.o
 .debug_aranges
                0x00000550      0x128 ./Drivers/STM32F1xx_HAL_Driver/Src/stm32f1xx_ll_tim.o
 .debug_aranges
                0x00000678       0x88 ./Drivers/STM32F1xx_HAL_Driver/Src/stm32f1xx_ll_usart.o
 .debug_aranges
                0x00000700       0xf8 ./Drivers/STM32F1xx_HAL_Driver/Src/stm32f1xx_ll_utils.o

.debug_rnglists
                0x00000000      0x5d2
 .debug_rnglists
                0x00000000      0x140 ./Core/Src/main.o
 .debug_rnglists
                0x00000140       0x49 ./Core/Src/stm32f1xx_it.o
 .debug_rnglists
                0x00000189       0x13 ./Core/Src/sysmem.o
 .debug_rnglists
                0x0000019c       0x1a ./Core/Src/system_stm32f1xx.o
 .debug_rnglists
                0x000001b6       0x19 ./Core/Startup/startup_stm32f103rctx.o
 .debug_rnglists
                0x000001cf       0x8c ./Dev/FLASH/gd25q16e.o
 .debug_rnglists
                0x0000025b       0x19 ./Dev/SONG/song.o
 .debug_rnglists
                0x00000274       0x1a ./Dev/TTP229/ttp229.o
 .debug_rnglists
                0x0000028e       0x45 ./Drivers/STM32F1xx_HAL_Driver/Src/stm32f1xx_ll_gpio.o
 .debug_rnglists
                0x000002d3       0x9d ./Drivers/STM32F1xx_HAL_Driver/Src/stm32f1xx_ll_rcc.o
 .debug_rnglists
                0x00000370       0x63 ./Drivers/STM32F1xx_HAL_Driver/Src/stm32f1xx_ll_spi.o
 .debug_rnglists
                0x000003d3       0xe4 ./Drivers/STM32F1xx_HAL_Driver/Src/stm32f1xx_ll_tim.o
 .debug_rnglists
                0x000004b7       0x64 ./Drivers/STM32F1xx_HAL_Driver/Src/stm32f1xx_ll_usart.o
 .debug_rnglists
                0x0000051b       0xb7 ./Drivers/STM32F1xx_HAL_Driver/Src/stm32f1xx_ll_utils.o

.debug_macro    0x00000000     0x3707
 .debug_macro   0x00000000      0x2a5 ./Core/Src/main.o
 .debug_macro   0x000002a5       0x8e ./Core/Src/main.o
 .debug_macro   0x00000333       0x51 ./Core/Src/main.o
 .debug_macro   0x00000384      0x2b8 ./Core/Src/main.o
 .debug_macro   0x0000063c      0x134 ./Core/Src/main.o
 .debug_macro   0x00000770       0x8d ./Core/Src/main.o
 .debug_macro   0x000007fd       0xd0 ./Core/Src/main.o
 .debug_macro   0x000008cd       0x28 ./Core/Src/main.o
 .debug_macro   0x000008f5       0x2a ./Core/Src/main.o
 .debug_macro   0x0000091f       0x90 ./Core/Src/main.o
 .debug_macro   0x000009af      0x287 ./Core/Src/main.o
 .debug_macro   0x00000c36      0x233 ./Core/Src/main.o
 .debug_macro   0x00000e69      0x57a ./Core/Src/main.o
 .debug_macro   0x000013e3      0x1b4 ./Core/Src/main.o
 .debug_macro   0x00001597      0x229 ./Core/Src/main.o
 .debug_macro   0x000017c0       0x3a ./Core/Src/main.o
 .debug_macro   0x000017fa       0xfa ./Core/Src/main.o
 .debug_macro   0x000018f4       0x61 ./Core/Src/main.o
 .debug_macro   0x00001955       0x16 ./Core/Src/main.o
 .debug_macro   0x0000196b       0x3c ./Core/Src/main.o
 .debug_macro   0x000019a7       0x20 ./Core/Src/main.o
 .debug_macro   0x000019c7       0x22 ./Core/Src/main.o
 .debug_macro   0x000019e9       0x34 ./Core/Src/main.o
 .debug_macro   0x00001a1d      0x15a ./Core/Src/stm32f1xx_it.o
 .debug_macro   0x00001b77      0x112 ./Core/Src/sysmem.o
 .debug_macro   0x00001c89      0x23c ./Core/Src/sysmem.o
 .debug_macro   0x00001ec5       0xbc ./Core/Src/system_stm32f1xx.o
 .debug_macro   0x00001f81      0x150 ./Dev/FLASH/gd25q16e.o
 .debug_macro   0x000020d1      0x163 ./Dev/SONG/song.o
 .debug_macro   0x00002234      0x166 ./Dev/TTP229/ttp229.o
 .debug_macro   0x0000239a       0xf8 ./Drivers/STM32F1xx_HAL_Driver/Src/stm32f1xx_ll_gpio.o
 .debug_macro   0x00002492      0x223 ./Drivers/STM32F1xx_HAL_Driver/Src/stm32f1xx_ll_gpio.o
 .debug_macro   0x000026b5       0xdd ./Drivers/STM32F1xx_HAL_Driver/Src/stm32f1xx_ll_rcc.o
 .debug_macro   0x00002792      0x16b ./Drivers/STM32F1xx_HAL_Driver/Src/stm32f1xx_ll_spi.o
 .debug_macro   0x000028fd      0x22d ./Drivers/STM32F1xx_HAL_Driver/Src/stm32f1xx_ll_spi.o
 .debug_macro   0x00002b2a      0x2be ./Drivers/STM32F1xx_HAL_Driver/Src/stm32f1xx_ll_spi.o
 .debug_macro   0x00002de8      0x147 ./Drivers/STM32F1xx_HAL_Driver/Src/stm32f1xx_ll_tim.o
 .debug_macro   0x00002f2f      0x574 ./Drivers/STM32F1xx_HAL_Driver/Src/stm32f1xx_ll_tim.o
 .debug_macro   0x000034a3      0x12b ./Drivers/STM32F1xx_HAL_Driver/Src/stm32f1xx_ll_usart.o
 .debug_macro   0x000035ce      0x139 ./Drivers/STM32F1xx_HAL_Driver/Src/stm32f1xx_ll_utils.o

.debug_line     0x00000000     0x7018
 .debug_line    0x00000000     0x11f3 ./Core/Src/main.o
 .debug_line    0x000011f3      0x71b ./Core/Src/stm32f1xx_it.o
 .debug_line    0x0000190e      0x588 ./Core/Src/sysmem.o
 .debug_line    0x00001e96      0x560 ./Core/Src/system_stm32f1xx.o
 .debug_line    0x000023f6       0x79 ./Core/Startup/startup_stm32f103rctx.o
 .debug_line    0x0000246f      0x976 ./Dev/FLASH/gd25q16e.o
 .debug_line    0x00002de5      0x6df ./Dev/SONG/song.o
 .debug_line    0x000034c4      0x6de ./Dev/TTP229/ttp229.o
 .debug_line    0x00003ba2      0x7d2 ./Drivers/STM32F1xx_HAL_Driver/Src/stm32f1xx_ll_gpio.o
 .debug_line    0x00004374      0x8f5 ./Drivers/STM32F1xx_HAL_Driver/Src/stm32f1xx_ll_rcc.o
 .debug_line    0x00004c69      0x78a ./Drivers/STM32F1xx_HAL_Driver/Src/stm32f1xx_ll_spi.o
 .debug_line    0x000053f3      0xb2d ./Drivers/STM32F1xx_HAL_Driver/Src/stm32f1xx_ll_tim.o
 .debug_line    0x00005f20      0x75a ./Drivers/STM32F1xx_HAL_Driver/Src/stm32f1xx_ll_usart.o
 .debug_line    0x0000667a      0x99e ./Drivers/STM32F1xx_HAL_Driver/Src/stm32f1xx_ll_utils.o

.debug_str      0x00000000    0x7231d
 .debug_str     0x00000000    0x7231d ./Core/Src/main.o
                              0x6e5af (size before relaxing)
 .debug_str     0x0007231d    0x69a5f ./Core/Src/stm32f1xx_it.o
 .debug_str     0x0007231d     0x77a6 ./Core/Src/sysmem.o
 .debug_str     0x0007231d    0x6007e ./Core/Src/system_stm32f1xx.o
 .debug_str     0x0007231d       0x66 ./Core/Startup/startup_stm32f103rctx.o
 .debug_str     0x0007231d    0x69bd3 ./Dev/FLASH/gd25q16e.o
 .debug_str     0x0007231d    0x69b67 ./Dev/SONG/song.o
 .debug_str     0x0007231d    0x69ac5 ./Dev/TTP229/ttp229.o
 .debug_str     0x0007231d    0x61c2b ./Drivers/STM32F1xx_HAL_Driver/Src/stm32f1xx_ll_gpio.o
 .debug_str     0x0007231d    0x61548 ./Drivers/STM32F1xx_HAL_Driver/Src/stm32f1xx_ll_rcc.o
 .debug_str     0x0007231d    0x63555 ./Drivers/STM32F1xx_HAL_Driver/Src/stm32f1xx_ll_spi.o
 .debug_str     0x0007231d    0x64984 ./Drivers/STM32F1xx_HAL_Driver/Src/stm32f1xx_ll_tim.o
 .debug_str     0x0007231d    0x63033 ./Drivers/STM32F1xx_HAL_Driver/Src/stm32f1xx_ll_usart.o
 .debug_str     0x0007231d    0x62315 ./Drivers/STM32F1xx_HAL_Driver/Src/stm32f1xx_ll_utils.o

.comment        0x00000000       0x43
 .comment       0x00000000       0x43 ./Core/Src/main.o
                                 0x44 (size before relaxing)
 .comment       0x00000043       0x44 ./Core/Src/stm32f1xx_it.o
 .comment       0x00000043       0x44 ./Core/Src/sysmem.o
 .comment       0x00000043       0x44 ./Core/Src/system_stm32f1xx.o
 .comment       0x00000043       0x44 ./Dev/FLASH/gd25q16e.o
 .comment       0x00000043       0x44 ./Dev/SONG/song.o
 .comment       0x00000043       0x44 ./Dev/TTP229/ttp229.o
 .comment       0x00000043       0x44 ./Drivers/STM32F1xx_HAL_Driver/Src/stm32f1xx_ll_gpio.o
 .comment       0x00000043       0x44 ./Drivers/STM32F1xx_HAL_Driver/Src/stm32f1xx_ll_rcc.o
 .comment       0x00000043       0x44 ./Drivers/STM32F1xx_HAL_Driver/Src/stm32f1xx_ll_spi.o
 .comment       0x00000043       0x44 ./Drivers/STM32F1xx_HAL_Driver/Src/stm32f1xx_ll_tim.o
 .comment       0x00000043       0x44 ./Drivers/STM32F1xx_HAL_Driver/Src/stm32f1xx_ll_usart.o
 .comment       0x00000043       0x44 ./Drivers/STM32F1xx_HAL_Driver/Src/stm32f1xx_ll_utils.o

.debug_frame    0x00000000     0x24f4
 .debug_frame   0x00000000      0x75c ./Core/Src/main.o
 .debug_frame   0x0000075c      0x124 ./Core/Src/stm32f1xx_it.o
 .debug_frame   0x00000880       0x34 ./Core/Src/sysmem.o
 .debug_frame   0x000008b4       0x58 ./Core/Src/system_stm32f1xx.o
 .debug_frame   0x0000090c      0x320 ./Dev/FLASH/gd25q16e.o
 .debug_frame   0x00000c2c       0x58 ./Dev/SONG/song.o
 .debug_frame   0x00000c84       0x5c ./Dev/TTP229/ttp229.o
 .debug_frame   0x00000ce0      0x170 ./Drivers/STM32F1xx_HAL_Driver/Src/stm32f1xx_ll_gpio.o
 .debug_frame   0x00000e50      0x34c ./Drivers/STM32F1xx_HAL_Driver/Src/stm32f1xx_ll_rcc.o
 .debug_frame   0x0000119c      0x230 ./Drivers/STM32F1xx_HAL_Driver/Src/stm32f1xx_ll_spi.o
 .debug_frame   0x000013cc      0x538 ./Drivers/STM32F1xx_HAL_Driver/Src/stm32f1xx_ll_tim.o
 .debug_frame   0x00001904      0x234 ./Drivers/STM32F1xx_HAL_Driver/Src/stm32f1xx_ll_usart.o
 .debug_frame   0x00001b38      0x400 ./Drivers/STM32F1xx_HAL_Driver/Src/stm32f1xx_ll_utils.o
 .debug_frame   0x00001f38      0x144 C:/ST/STM32CubeIDE_1.18.0/STM32CubeIDE/plugins/com.st.stm32cube.ide.mcu.externaltools.gnu-tools-for-stm32.13.3.rel1.win32_1.0.0.202411081344/tools/bin/../lib/gcc/arm-none-eabi/13.3.1/../../../../arm-none-eabi/lib/thumb/v7-m/nofp\libc_nano.a(libc_a-findfp.o)
 .debug_frame   0x0000207c       0x7c C:/ST/STM32CubeIDE_1.18.0/STM32CubeIDE/plugins/com.st.stm32cube.ide.mcu.externaltools.gnu-tools-for-stm32.13.3.rel1.win32_1.0.0.202411081344/tools/bin/../lib/gcc/arm-none-eabi/13.3.1/../../../../arm-none-eabi/lib/thumb/v7-m/nofp\libc_nano.a(libc_a-snprintf.o)
 .debug_frame   0x000020f8       0x20 C:/ST/STM32CubeIDE_1.18.0/STM32CubeIDE/plugins/com.st.stm32cube.ide.mcu.externaltools.gnu-tools-for-stm32.13.3.rel1.win32_1.0.0.202411081344/tools/bin/../lib/gcc/arm-none-eabi/13.3.1/../../../../arm-none-eabi/lib/thumb/v7-m/nofp\libc_nano.a(libc_a-memset.o)
 .debug_frame   0x00002118       0x38 C:/ST/STM32CubeIDE_1.18.0/STM32CubeIDE/plugins/com.st.stm32cube.ide.mcu.externaltools.gnu-tools-for-stm32.13.3.rel1.win32_1.0.0.202411081344/tools/bin/../lib/gcc/arm-none-eabi/13.3.1/../../../../arm-none-eabi/lib/thumb/v7-m/nofp\libc_nano.a(libc_a-reent.o)
 .debug_frame   0x00002150       0x20 C:/ST/STM32CubeIDE_1.18.0/STM32CubeIDE/plugins/com.st.stm32cube.ide.mcu.externaltools.gnu-tools-for-stm32.13.3.rel1.win32_1.0.0.202411081344/tools/bin/../lib/gcc/arm-none-eabi/13.3.1/../../../../arm-none-eabi/lib/thumb/v7-m/nofp\libc_nano.a(libc_a-errno.o)
 .debug_frame   0x00002170       0x2c C:/ST/STM32CubeIDE_1.18.0/STM32CubeIDE/plugins/com.st.stm32cube.ide.mcu.externaltools.gnu-tools-for-stm32.13.3.rel1.win32_1.0.0.202411081344/tools/bin/../lib/gcc/arm-none-eabi/13.3.1/../../../../arm-none-eabi/lib/thumb/v7-m/nofp\libc_nano.a(libc_a-init.o)
 .debug_frame   0x0000219c       0xb0 C:/ST/STM32CubeIDE_1.18.0/STM32CubeIDE/plugins/com.st.stm32cube.ide.mcu.externaltools.gnu-tools-for-stm32.13.3.rel1.win32_1.0.0.202411081344/tools/bin/../lib/gcc/arm-none-eabi/13.3.1/../../../../arm-none-eabi/lib/thumb/v7-m/nofp\libc_nano.a(libc_a-lock.o)
 .debug_frame   0x0000224c       0x28 C:/ST/STM32CubeIDE_1.18.0/STM32CubeIDE/plugins/com.st.stm32cube.ide.mcu.externaltools.gnu-tools-for-stm32.13.3.rel1.win32_1.0.0.202411081344/tools/bin/../lib/gcc/arm-none-eabi/13.3.1/../../../../arm-none-eabi/lib/thumb/v7-m/nofp\libc_nano.a(libc_a-memcpy-stub.o)
 .debug_frame   0x00002274       0x38 C:/ST/STM32CubeIDE_1.18.0/STM32CubeIDE/plugins/com.st.stm32cube.ide.mcu.externaltools.gnu-tools-for-stm32.13.3.rel1.win32_1.0.0.202411081344/tools/bin/../lib/gcc/arm-none-eabi/13.3.1/../../../../arm-none-eabi/lib/thumb/v7-m/nofp\libc_nano.a(libc_a-freer.o)
 .debug_frame   0x000022ac       0x50 C:/ST/STM32CubeIDE_1.18.0/STM32CubeIDE/plugins/com.st.stm32cube.ide.mcu.externaltools.gnu-tools-for-stm32.13.3.rel1.win32_1.0.0.202411081344/tools/bin/../lib/gcc/arm-none-eabi/13.3.1/../../../../arm-none-eabi/lib/thumb/v7-m/nofp\libc_nano.a(libc_a-mallocr.o)
 .debug_frame   0x000022fc       0x30 C:/ST/STM32CubeIDE_1.18.0/STM32CubeIDE/plugins/com.st.stm32cube.ide.mcu.externaltools.gnu-tools-for-stm32.13.3.rel1.win32_1.0.0.202411081344/tools/bin/../lib/gcc/arm-none-eabi/13.3.1/../../../../arm-none-eabi/lib/thumb/v7-m/nofp\libc_nano.a(libc_a-mlock.o)
 .debug_frame   0x0000232c       0x90 C:/ST/STM32CubeIDE_1.18.0/STM32CubeIDE/plugins/com.st.stm32cube.ide.mcu.externaltools.gnu-tools-for-stm32.13.3.rel1.win32_1.0.0.202411081344/tools/bin/../lib/gcc/arm-none-eabi/13.3.1/../../../../arm-none-eabi/lib/thumb/v7-m/nofp\libc_nano.a(libc_a-nano-svfprintf.o)
 .debug_frame   0x000023bc       0x60 C:/ST/STM32CubeIDE_1.18.0/STM32CubeIDE/plugins/com.st.stm32cube.ide.mcu.externaltools.gnu-tools-for-stm32.13.3.rel1.win32_1.0.0.202411081344/tools/bin/../lib/gcc/arm-none-eabi/13.3.1/../../../../arm-none-eabi/lib/thumb/v7-m/nofp\libc_nano.a(libc_a-nano-vfprintf_i.o)
 .debug_frame   0x0000241c       0x28 C:/ST/STM32CubeIDE_1.18.0/STM32CubeIDE/plugins/com.st.stm32cube.ide.mcu.externaltools.gnu-tools-for-stm32.13.3.rel1.win32_1.0.0.202411081344/tools/bin/../lib/gcc/arm-none-eabi/13.3.1/../../../../arm-none-eabi/lib/thumb/v7-m/nofp\libc_nano.a(libc_a-memmove.o)
 .debug_frame   0x00002444       0x2c C:/ST/STM32CubeIDE_1.18.0/STM32CubeIDE/plugins/com.st.stm32cube.ide.mcu.externaltools.gnu-tools-for-stm32.13.3.rel1.win32_1.0.0.202411081344/tools/bin/../lib/gcc/arm-none-eabi/13.3.1/../../../../arm-none-eabi/lib/thumb/v7-m/nofp\libc_nano.a(libc_a-sbrkr.o)
 .debug_frame   0x00002470       0x28 C:/ST/STM32CubeIDE_1.18.0/STM32CubeIDE/plugins/com.st.stm32cube.ide.mcu.externaltools.gnu-tools-for-stm32.13.3.rel1.win32_1.0.0.202411081344/tools/bin/../lib/gcc/arm-none-eabi/13.3.1/../../../../arm-none-eabi/lib/thumb/v7-m/nofp\libc_nano.a(libc_a-memchr-stub.o)
 .debug_frame   0x00002498       0x3c C:/ST/STM32CubeIDE_1.18.0/STM32CubeIDE/plugins/com.st.stm32cube.ide.mcu.externaltools.gnu-tools-for-stm32.13.3.rel1.win32_1.0.0.202411081344/tools/bin/../lib/gcc/arm-none-eabi/13.3.1/../../../../arm-none-eabi/lib/thumb/v7-m/nofp\libc_nano.a(libc_a-reallocr.o)
 .debug_frame   0x000024d4       0x20 C:/ST/STM32CubeIDE_1.18.0/STM32CubeIDE/plugins/com.st.stm32cube.ide.mcu.externaltools.gnu-tools-for-stm32.13.3.rel1.win32_1.0.0.202411081344/tools/bin/../lib/gcc/arm-none-eabi/13.3.1/../../../../arm-none-eabi/lib/thumb/v7-m/nofp\libc_nano.a(libc_a-msizer.o)

.debug_line_str
                0x00000000       0x4a
 .debug_line_str
                0x00000000       0x4a ./Core/Startup/startup_stm32f103rctx.o
