../Drivers/STM32F1xx_HAL_Driver/Inc/stm32f1xx_ll_usart.h:1840:26:LL_USART_IsActiveFlag_RXNE	16	static
../Drivers/STM32F1xx_HAL_Driver/Inc/stm32f1xx_ll_usart.h:1862:26:LL_USART_IsActiveFlag_TXE	16	static
../Drivers/STM32F1xx_HAL_Driver/Inc/stm32f1xx_ll_usart.h:2451:25:LL_USART_ReceiveData8	16	static
../Drivers/STM32F1xx_HAL_Driver/Inc/stm32f1xx_ll_usart.h:2474:22:LL_USART_TransmitData8	16	static
../BSP/UART/uart.c:11:6:UART1_LL_SendChar	16	static
../BSP/UART/uart.c:16:6:UART1_LL_SendString	16	static
../BSP/UART/uart.c:22:9:UART1_LL_ReceiveChar	8	static
../BSP/UART/uart.c:27:6:UART_Transmit	24	static
