../Drivers/CMSIS/Include/core_cm3.h:1480:22:__NVIC_SetPriorityGrouping	1
../Drivers/CMSIS/Include/core_cm3.h:1499:26:__NVIC_GetPriorityGrouping	1
../Drivers/CMSIS/Include/core_cm3.h:1511:22:__NVIC_EnableIRQ	2
../Drivers/CMSIS/Include/core_cm3.h:1639:22:__NVIC_SetPriority	2
../Drivers/CMSIS/Include/core_cm3.h:1686:26:NVIC_EncodePriority	2
../Drivers/STM32F1xx_HAL_Driver/Inc/stm32f1xx_ll_rcc.h:838:22:LL_RCC_HSI_Enable	1
../Drivers/STM32F1xx_HAL_Driver/Inc/stm32f1xx_ll_rcc.h:858:26:LL_RCC_HSI_IsReady	1
../Drivers/STM32F1xx_HAL_Driver/Inc/stm32f1xx_ll_rcc.h:884:22:LL_RCC_HSI_SetCalibTrimming	1
../Drivers/STM32F1xx_HAL_Driver/Inc/stm32f1xx_ll_rcc.h:1012:22:LL_RCC_SetSysClkSource	1
../Drivers/STM32F1xx_HAL_Driver/Inc/stm32f1xx_ll_rcc.h:1025:26:LL_RCC_GetSysClkSource	1
../Drivers/STM32F1xx_HAL_Driver/Inc/stm32f1xx_ll_rcc.h:1045:22:LL_RCC_SetAHBPrescaler	1
../Drivers/STM32F1xx_HAL_Driver/Inc/stm32f1xx_ll_rcc.h:1061:22:LL_RCC_SetAPB1Prescaler	1
../Drivers/STM32F1xx_HAL_Driver/Inc/stm32f1xx_ll_rcc.h:1077:22:LL_RCC_SetAPB2Prescaler	1
../Drivers/STM32F1xx_HAL_Driver/Inc/stm32f1xx_ll_rcc.h:1385:22:LL_RCC_PLL_Enable	1
../Drivers/STM32F1xx_HAL_Driver/Inc/stm32f1xx_ll_rcc.h:1406:26:LL_RCC_PLL_IsReady	1
../Drivers/STM32F1xx_HAL_Driver/Inc/stm32f1xx_ll_rcc.h:1475:22:LL_RCC_PLL_ConfigDomain_SYS	1
../Drivers/STM32F1xx_HAL_Driver/Inc/stm32f1xx_ll_bus.h:445:22:LL_APB1_GRP1_EnableClock	1
../Drivers/STM32F1xx_HAL_Driver/Inc/stm32f1xx_ll_bus.h:761:22:LL_APB2_GRP1_EnableClock	1
../Drivers/STM32F1xx_HAL_Driver/Inc/stm32f1xx_ll_system.h:471:22:LL_FLASH_SetLatency	1
../Drivers/STM32F1xx_HAL_Driver/Inc/stm32f1xx_ll_system.h:484:26:LL_FLASH_GetLatency	1
../Drivers/STM32F1xx_HAL_Driver/Inc/stm32f1xx_ll_spi.h:302:22:LL_SPI_Enable	1
../Drivers/STM32F1xx_HAL_Driver/Inc/stm32f1xx_ll_tim.h:1054:22:LL_TIM_EnableCounter	1
../Drivers/STM32F1xx_HAL_Driver/Inc/stm32f1xx_ll_tim.h:1234:22:LL_TIM_EnableARRPreload	1
../Drivers/STM32F1xx_HAL_Driver/Inc/stm32f1xx_ll_tim.h:1245:22:LL_TIM_DisableARRPreload	1
../Drivers/STM32F1xx_HAL_Driver/Inc/stm32f1xx_ll_tim.h:2583:22:LL_TIM_SetClockSource	1
../Drivers/STM32F1xx_HAL_Driver/Inc/stm32f1xx_ll_tim.h:2629:22:LL_TIM_SetTriggerOutput	1
../Drivers/STM32F1xx_HAL_Driver/Inc/stm32f1xx_ll_tim.h:2695:22:LL_TIM_DisableMasterSlaveMode	1
../Drivers/STM32F1xx_HAL_Driver/Inc/stm32f1xx_ll_tim.h:2990:22:LL_TIM_ClearFlag_UPDATE	1
../Drivers/STM32F1xx_HAL_Driver/Inc/stm32f1xx_ll_tim.h:3001:26:LL_TIM_IsActiveFlag_UPDATE	2
../Drivers/STM32F1xx_HAL_Driver/Inc/stm32f1xx_ll_tim.h:3265:22:LL_TIM_EnableIT_UPDATE	1
../Drivers/STM32F1xx_HAL_Driver/Inc/stm32f1xx_ll_usart.h:412:22:LL_USART_Enable	1
../Drivers/STM32F1xx_HAL_Driver/Inc/stm32f1xx_ll_usart.h:1527:22:LL_USART_ConfigAsyncMode	1
../Drivers/STM32F1xx_HAL_Driver/Inc/stm32f1xx_ll_usart.h:1862:26:LL_USART_IsActiveFlag_TXE	1
../Drivers/STM32F1xx_HAL_Driver/Inc/stm32f1xx_ll_usart.h:2474:22:LL_USART_TransmitData8	1
../Drivers/STM32F1xx_HAL_Driver/Inc/stm32f1xx_ll_gpio.h:722:26:LL_GPIO_IsInputPinSet	1
../Drivers/STM32F1xx_HAL_Driver/Inc/stm32f1xx_ll_gpio.h:803:22:LL_GPIO_SetOutputPin	1
../Drivers/STM32F1xx_HAL_Driver/Inc/stm32f1xx_ll_gpio.h:832:22:LL_GPIO_ResetOutputPin	1
../Drivers/STM32F1xx_HAL_Driver/Inc/stm32f1xx_ll_gpio.h:861:22:LL_GPIO_TogglePin	1
../Drivers/STM32F1xx_HAL_Driver/Inc/stm32f1xx_ll_gpio.h:1562:22:LL_GPIO_AF_Remap_SWJ_NOJTAG	1
../Core/Src/main.c:105:6:UART_Transmit_Flash	4
../Core/Src/main.c:120:6:EraseAllFlash	2
../Core/Src/main.c:129:6:Timer2_10ms_handle	38
../Core/Src/main.c:277:5:main	1
../Core/Src/main.c:379:6:SystemClock_Config	5
../Core/Src/main.c:420:13:MX_SPI1_Init	1
../Core/Src/main.c:476:13:MX_TIM2_Init	1
../Core/Src/main.c:518:13:MX_TIM4_Init	1
../Core/Src/main.c:553:13:MX_USART1_UART_Init	1
../Core/Src/main.c:606:13:MX_GPIO_Init	1
../Core/Src/main.c:678:6:Error_Handler	1
