../Drivers/STM32F1xx_HAL_Driver/Inc/stm32f1xx_ll_spi.h:709:26:LL_SPI_IsActiveFlag_RXNE	16	static
../Drivers/STM32F1xx_HAL_Driver/Inc/stm32f1xx_ll_spi.h:720:26:LL_SPI_IsActiveFlag_TXE	16	static
../Drivers/STM32F1xx_HAL_Driver/Inc/stm32f1xx_ll_spi.h:1045:25:LL_SPI_ReceiveData8	16	static
../Drivers/STM32F1xx_HAL_Driver/Inc/stm32f1xx_ll_spi.h:1068:22:LL_SPI_TransmitData8	24	static
../Drivers/STM32F1xx_HAL_Driver/Inc/stm32f1xx_ll_gpio.h:803:22:LL_GPIO_SetOutputPin	16	static
../Drivers/STM32F1xx_HAL_Driver/Inc/stm32f1xx_ll_gpio.h:832:22:LL_GPIO_ResetOutputPin	16	static
../Dev/FLASH/gd25q16e.c:11:13:CS_LOW	16	static
../Dev/FLASH/gd25q16e.c:15:13:CS_HIGH	16	static
../Dev/FLASH/gd25q16e.c:19:13:SPI_Send	16	static
../Dev/FLASH/gd25q16e.c:26:16:SPI_Transceive	16	static
../Dev/FLASH/gd25q16e.c:33:13:SPI_ReadBuffer	32	static
../Dev/FLASH/gd25q16e.c:39:13:SPI_WriteBuffer	24	static
../Dev/FLASH/gd25q16e.c:45:13:GD25Q16E_WriteEnable	16	static
../Dev/FLASH/gd25q16e.c:51:16:GD25Q16E_ReadStatus	24	static
../Dev/FLASH/gd25q16e.c:59:13:GD25Q16E_WaitBusy	16	static
../Dev/FLASH/gd25q16e.c:63:6:GD25Q16E_Init	16	static
../Dev/FLASH/gd25q16e.c:67:10:GD25Q16E_ReadID	24	static
../Dev/FLASH/gd25q16e.c:77:6:GD25Q16E_Read	24	static
../Dev/FLASH/gd25q16e.c:87:6:GD25Q16E_Write	32	static
../Dev/FLASH/gd25q16e.c:111:6:GD25Q16E_EraseSector	16	static
../Dev/FLASH/gd25q16e.c:122:6:GD25Q16E_ChipErase	16	static
